MT5 Path Exists? True

MT5 Account Connected! 
Account: 52498249 
Balance: 104311.29 USD

[INFO] XAUUSD Lot Range: min=0.01, max=100.0, step=0.01
[INFO] BTCUSD Lot Range: min=0.01, max=10.0, step=0.01
[INFO] STOXX50 Lot Range: min=0.1, max=250.0, step=0.1
[INFO] USDJPY Lot Range: min=0.01, max=200.0, step=0.01
[INFO] DE40 Lot Range: min=0.1, max=250.0, step=0.1
[RISK] XAU-H1: lot=0.1 | SL=40 | TP=40 -> est ≈ 400.00 USD
[RISK] BTC-H1: lot=0.1 | SL=4000 | TP=4000 -> est ≈ 400.00 USD
[RISK] EU50-H1: lot=6.9 | SL=50 | TP=50 -> est ≈ 401.71 USD
[RISK] USDJPY-H1: lot=0.31 | SL=2 | TP=2 -> est ≈ 405.91 USD
[RISK] DE40-H1: lot=1.4 | SL=250 | TP=250 -> est ≈ 407.53 USD
[RISK] XAU-M15: lot=0.2 | SL=20 | TP=15 -> est ≈ 400.00 USD
[RISK] BTC-M15: lot=0.8 | SL=500 | TP=1750 -> est ≈ 400.00 USD

[Engine] Multi-timeframe mode: watching for new H1 and M15 candles...

[OK] XAU-H1: new H1 candle @ 2025-10-27 10:00

===== RAW OANDA CANDLESTICK (XAU-H1, H1) — last 20 =====
                      open      high       low     close  volume
time                                                            
2025-10-24 15:00  4106.885  4135.320  4102.145  4117.630   62896
2025-10-24 16:00  4117.615  4131.910  4113.270  4130.545   49859
2025-10-24 17:00  4130.550  4138.670  4121.900  4129.495   41456
2025-10-24 18:00  4129.535  4134.390  4105.805  4107.730   31947
2025-10-24 19:00  4107.775  4113.730  4102.035  4110.430   24338
2025-10-24 20:00  4110.480  4117.680  4102.370  4104.205   22318
2025-10-24 21:00  4104.195  4114.605  4096.625  4114.095   14353
2025-10-26 22:00  4085.700  4109.000  4071.925  4081.875   30477
2025-10-26 23:00  4081.910  4088.785  4061.675  4064.665   24648
2025-10-27 00:00  4064.660  4084.435  4058.205  4081.270   23674
2025-10-27 01:00  4081.295  4097.870  4074.940  4082.065   40318
2025-10-27 02:00  4082.075  4082.375  4070.345  4071.755   29336
2025-10-27 03:00  4071.745  4081.875  4065.340  4069.745   24625
2025-10-27 04:00  4069.715  4071.940  4053.710  4068.835   26663
2025-10-27 05:00  4068.855  4084.680  4068.550  4079.870   26135
2025-10-27 06:00  4079.865  4085.170  4074.055  4078.325   32170
2025-10-27 07:00  4078.330  4079.870  4064.020  4068.945   35383
2025-10-27 08:00  4068.930  4070.455  4024.340  4043.600   45255
2025-10-27 09:00  4043.580  4050.410  4029.910  4039.960   40321
2025-10-27 10:00  4039.770  4047.805  4028.895  4037.565   28056

===== HEIKIN-ASHI + SIGNALS (XAU-H1, H1) — last 20 =====
                        ha_c      ha_open      ha_high       ha_low  dir signal
time                                                                           
2025-10-24 15:00  4115.49500  4082.724981  4135.320000  4082.724981    1       
2025-10-24 16:00  4123.33500  4099.109990  4131.910000  4099.109990    1       
2025-10-24 17:00  4130.15375  4111.222495  4138.670000  4111.222495    1       
2025-10-24 18:00  4119.36500  4120.688123  4134.390000  4105.805000    1       
2025-10-24 19:00  4108.49250  4120.026561  4120.026561  4102.035000    1       
2025-10-24 20:00  4108.68375  4114.259531  4117.680000  4102.370000    1       
2025-10-24 21:00  4107.38000  4111.471640  4114.605000  4096.625000    1       
2025-10-26 22:00  4087.12500  4109.425820  4109.425820  4071.925000   -1   SELL
2025-10-26 23:00  4074.25875  4098.275410  4098.275410  4061.675000   -1       
2025-10-27 00:00  4072.14250  4086.267080  4086.267080  4058.205000   -1       
2025-10-27 01:00  4084.04250  4079.204790  4097.870000  4074.940000   -1       
2025-10-27 02:00  4076.63750  4081.623645  4082.375000  4070.345000   -1       
2025-10-27 03:00  4072.17625  4079.130573  4081.875000  4065.340000   -1       
2025-10-27 04:00  4066.05000  4075.653411  4075.653411  4053.710000   -1       
2025-10-27 05:00  4075.48875  4070.851706  4084.680000  4068.550000   -1       
2025-10-27 06:00  4079.35375  4073.170228  4085.170000  4073.170228   -1       
2025-10-27 07:00  4072.79125  4076.261989  4079.870000  4064.020000   -1       
2025-10-27 08:00  4051.83125  4074.526619  4074.526619  4024.340000   -1       
2025-10-27 09:00  4040.96500  4063.178935  4063.178935  4029.910000   -1       
2025-10-27 10:00  4038.50875  4052.071967  4052.071967  4028.895000   -1       

[INFO] XAU-H1: no actionable signal.
[OK] BTC-H1: new H1 candle @ 2025-10-27 10:00

===== RAW OANDA CANDLESTICK (BTC-H1, H1) — last 20 =====
                      open      high       low     close  volume
time                                                            
2025-10-24 16:00  110241.9  110654.0  109903.6  110081.9    3580
2025-10-24 17:00  110086.4  110428.8  109815.9  110295.4    3155
2025-10-24 18:00  110300.8  110615.7  110209.8  110243.4    3012
2025-10-24 19:00  110230.7  110683.4  110166.6  110629.0    2946
2025-10-24 20:00  110637.0  110964.6  110529.4  110636.8    3095
2025-10-24 21:00  110628.0  111041.2  110479.9  110863.2    2483
2025-10-26 21:00  113396.5  113610.1  112934.5  113514.6    2274
2025-10-26 22:00  113517.2  115525.6  113517.2  114697.8    3842
2025-10-26 23:00  114694.0  114999.2  114393.2  114581.8    3618
2025-10-27 00:00  114579.8  115212.0  114380.4  114777.5    3794
2025-10-27 01:00  114768.0  115399.4  114715.0  115286.4    3529
2025-10-27 02:00  115295.6  115476.7  114835.3  114910.2    3435
2025-10-27 03:00  114904.6  115286.8  114855.3  114999.0    3287
2025-10-27 04:00  115003.2  115327.4  114963.3  115287.2    2826
2025-10-27 05:00  115285.6  115667.2  115285.0  115565.2    2956
2025-10-27 06:00  115565.3  116131.6  115372.6  116079.1    2917
2025-10-27 07:00  116080.7  116392.8  115508.0  115577.6    3005
2025-10-27 08:00  115556.0  115632.2  114897.7  115026.8    3370
2025-10-27 09:00  115034.9  115372.0  114824.8  115251.6    3372
2025-10-27 10:00  115262.2  115565.9  115116.6  115462.9    3039

===== HEIKIN-ASHI + SIGNALS (BTC-H1, H1) — last 20 =====
                        ha_c        ha_open  ...  dir  signal
time                                         ...             
2025-10-24 16:00  110220.350  110813.710191  ...   -1        
2025-10-24 17:00  110156.625  110517.030096  ...   -1        
2025-10-24 18:00  110342.425  110336.827548  ...   -1        
2025-10-24 19:00  110427.425  110339.626274  ...   -1        
2025-10-24 20:00  110691.950  110383.525637  ...   -1        
2025-10-24 21:00  110753.075  110537.737818  ...   -1        
2025-10-26 21:00  113363.925  110645.406409  ...    1     BUY
2025-10-26 22:00  114314.450  112004.665705  ...    1        
2025-10-26 23:00  114667.050  113159.557852  ...    1        
2025-10-27 00:00  114737.425  113913.303926  ...    1        
2025-10-27 01:00  115042.200  114325.364463  ...    1        
2025-10-27 02:00  115129.450  114683.782232  ...    1        
2025-10-27 03:00  115011.425  114906.616116  ...    1        
2025-10-27 04:00  115145.275  114959.020558  ...    1        
2025-10-27 05:00  115450.750  115052.147779  ...    1        
2025-10-27 06:00  115787.150  115251.448889  ...    1        
2025-10-27 07:00  115889.775  115519.299445  ...    1        
2025-10-27 08:00  115278.175  115704.537222  ...    1        
2025-10-27 09:00  115120.825  115491.356111  ...    1        
2025-10-27 10:00  115351.900  115306.090556  ...    1        

[20 rows x 6 columns]

[INFO] BTC-H1: no actionable signal.
[OK] EU50-H1: new H1 candle @ 2025-10-27 10:00

===== RAW OANDA CANDLESTICK (EU50-H1, H1) — last 20 =====
                    open    high     low   close  volume
time                                                    
2025-10-24 12:00  5664.5  5666.5  5655.0  5657.5     251
2025-10-24 13:00  5658.0  5678.5  5655.5  5662.5     882
2025-10-24 14:00  5663.5  5674.5  5661.5  5671.5     498
2025-10-24 15:00  5672.5  5677.5  5667.5  5672.5     500
2025-10-24 16:00  5671.5  5682.5  5669.5  5678.5     211
2025-10-24 17:00  5680.5  5680.5  5671.5  5676.5     133
2025-10-24 18:00  5676.0  5677.5  5674.5  5674.5     183
2025-10-24 19:00  5675.0  5675.5  5672.5  5674.5     226
2025-10-24 20:00  5674.0  5676.0  5670.0  5670.5     195
2025-10-27 00:00  5709.5  5716.0  5707.5  5707.5     102
2025-10-27 01:00  5708.0  5708.0  5696.5  5701.0     269
2025-10-27 02:00  5700.5  5702.0  5698.0  5698.5     183
2025-10-27 03:00  5698.0  5704.5  5691.5  5693.5     212
2025-10-27 04:00  5694.0  5697.5  5691.5  5695.5     176
2025-10-27 05:00  5696.0  5706.5  5695.5  5705.5     234
2025-10-27 06:00  5706.0  5713.5  5705.5  5706.5     185
2025-10-27 07:00  5706.0  5712.5  5701.5  5701.5     182
2025-10-27 08:00  5701.5  5706.5  5688.5  5698.5     785
2025-10-27 09:00  5699.5  5705.5  5689.5  5705.5     418
2025-10-27 10:00  5704.5  5713.5  5701.5  5708.5     296

===== HEIKIN-ASHI + SIGNALS (EU50-H1, H1) — last 20 =====
                      ha_c      ha_open      ha_high       ha_low  dir signal
time                                                                         
2025-10-24 12:00  5660.875  5672.073371  5672.073371  5655.000000   -1       
2025-10-24 13:00  5663.625  5666.474186  5678.500000  5655.500000   -1       
2025-10-24 14:00  5667.750  5665.049593  5674.500000  5661.500000   -1       
2025-10-24 15:00  5672.500  5666.399796  5677.500000  5666.399796   -1       
2025-10-24 16:00  5675.500  5669.449898  5682.500000  5669.449898   -1       
2025-10-24 17:00  5677.250  5672.474949  5680.500000  5671.500000   -1       
2025-10-24 18:00  5675.625  5674.862475  5677.500000  5674.500000   -1       
2025-10-24 19:00  5674.375  5675.243737  5675.500000  5672.500000   -1       
2025-10-24 20:00  5672.625  5674.809369  5676.000000  5670.000000   -1       
2025-10-27 00:00  5710.125  5673.717184  5716.000000  5673.717184    1    BUY
2025-10-27 01:00  5703.375  5691.921092  5708.000000  5691.921092    1       
2025-10-27 02:00  5699.750  5697.648046  5702.000000  5697.648046    1       
2025-10-27 03:00  5696.875  5698.699023  5704.500000  5691.500000    1       
2025-10-27 04:00  5694.625  5697.787012  5697.787012  5691.500000    1       
2025-10-27 05:00  5700.875  5696.206006  5706.500000  5695.500000    1       
2025-10-27 06:00  5707.875  5698.540503  5713.500000  5698.540503    1       
2025-10-27 07:00  5705.375  5703.207751  5712.500000  5701.500000    1       
2025-10-27 08:00  5698.750  5704.291376  5706.500000  5688.500000    1       
2025-10-27 09:00  5700.000  5701.520688  5705.500000  5689.500000    1       
2025-10-27 10:00  5707.000  5700.760344  5713.500000  5700.760344    1       

[INFO] EU50-H1: no actionable signal.
[OK] USDJPY-H1: new H1 candle @ 2025-10-27 10:00

===== RAW OANDA CANDLESTICK (USDJPY-H1, H1) — last 20 =====
                     open     high      low    close  volume
time                                                        
2025-10-24 16:00  152.770  152.882  152.707  152.823   11651
2025-10-24 17:00  152.822  152.877  152.788  152.842    5637
2025-10-24 18:00  152.842  152.842  152.750  152.810    5095
2025-10-24 19:00  152.810  152.894  152.799  152.866    4000
2025-10-24 20:00  152.866  152.896  152.804  152.828    3594
2025-10-24 21:00  152.829  152.900  152.758  152.882    5663
2025-10-26 21:00  152.858  153.068  152.841  153.040    1375
2025-10-26 22:00  153.047  153.148  152.948  153.076    6219
2025-10-26 23:00  153.074  153.178  153.018  153.074    6019
2025-10-27 00:00  153.075  153.156  152.833  152.892   13074
2025-10-27 01:00  152.891  152.993  152.654  152.836   10829
2025-10-27 02:00  152.837  153.017  152.825  152.982    7043
2025-10-27 03:00  152.983  153.053  152.954  153.046    5540
2025-10-27 04:00  153.047  153.166  153.035  153.140    7835
2025-10-27 05:00  153.141  153.258  153.112  153.127    8063
2025-10-27 06:00  153.128  153.138  152.832  152.978   11122
2025-10-27 07:00  152.980  153.032  152.863  153.018   11798
2025-10-27 08:00  153.019  153.078  152.744  152.822   17612
2025-10-27 09:00  152.822  152.824  152.702  152.754   12037
2025-10-27 10:00  152.754  152.850  152.724  152.772    9220

===== HEIKIN-ASHI + SIGNALS (USDJPY-H1, H1) — last 20 =====
                       ha_c     ha_open     ha_high      ha_low  dir signal
time                                                                       
2025-10-24 16:00  152.79550  152.800676  152.882000  152.707000   -1       
2025-10-24 17:00  152.83225  152.798088  152.877000  152.788000   -1       
2025-10-24 18:00  152.81100  152.815169  152.842000  152.750000   -1       
2025-10-24 19:00  152.84225  152.813085  152.894000  152.799000   -1       
2025-10-24 20:00  152.84850  152.827667  152.896000  152.804000   -1       
2025-10-24 21:00  152.84225  152.838084  152.900000  152.758000   -1       
2025-10-26 21:00  152.95175  152.840167  153.068000  152.840167    1    BUY
2025-10-26 22:00  153.05475  152.895958  153.148000  152.895958    1       
2025-10-26 23:00  153.08600  152.975354  153.178000  152.975354    1       
2025-10-27 00:00  152.98900  153.030677  153.156000  152.833000    1       
2025-10-27 01:00  152.84350  153.009839  153.009839  152.654000    1       
2025-10-27 02:00  152.91525  152.926669  153.017000  152.825000    1       
2025-10-27 03:00  153.00900  152.920960  153.053000  152.920960    1       
2025-10-27 04:00  153.09700  152.964980  153.166000  152.964980    1       
2025-10-27 05:00  153.15950  153.030990  153.258000  153.030990    1       
2025-10-27 06:00  153.01900  153.095245  153.138000  152.832000    1       
2025-10-27 07:00  152.97325  153.057122  153.057122  152.863000    1       
2025-10-27 08:00  152.91575  153.015186  153.078000  152.744000    1       
2025-10-27 09:00  152.77550  152.965468  152.965468  152.702000   -1   SELL
2025-10-27 10:00  152.77500  152.870484  152.870484  152.724000   -1       

[BACKFILL] USDJPY-H1: previous bar had SELL — attempting execution now.
[OK] DE40-H1: new H1 candle @ 2025-10-27 10:00

===== RAW OANDA CANDLESTICK (DE40-H1, H1) — last 20 =====
                     open     high      low    close  volume
time                                                        
2025-10-24 12:00  24198.5  24220.0  24185.5  24192.0    2153
2025-10-24 13:00  24191.5  24284.5  24169.0  24217.5    4382
2025-10-24 14:00  24217.0  24260.0  24210.5  24229.0    5395
2025-10-24 15:00  24234.5  24265.0  24212.0  24225.0    4470
2025-10-24 16:00  24223.0  24270.5  24215.0  24240.0    3459
2025-10-24 17:00  24240.6  24253.0  24218.0  24238.0    1946
2025-10-24 18:00  24237.6  24254.0  24236.6  24238.0    1147
2025-10-24 19:00  24238.6  24242.0  24227.6  24238.0    1144
2025-10-24 20:00  24235.6  24242.0  24217.0  24219.0    1398
2025-10-27 00:00  24393.0  24421.0  24386.0  24388.6     479
2025-10-27 01:00  24388.0  24390.5  24336.0  24360.6     833
2025-10-27 02:00  24360.0  24365.6  24344.6  24355.6     509
2025-10-27 03:00  24354.6  24363.6  24312.0  24317.6     757
2025-10-27 04:00  24317.0  24344.0  24310.0  24333.6     690
2025-10-27 05:00  24333.0  24377.6  24332.6  24376.6     731
2025-10-27 06:00  24376.0  24394.0  24353.6  24370.0    1017
2025-10-27 07:00  24370.6  24386.0  24322.6  24324.0    1560
2025-10-27 08:00  24324.0  24358.0  24264.5  24304.0    4533
2025-10-27 09:00  24303.5  24309.0  24255.0  24297.5    2939
2025-10-27 10:00  24298.5  24303.0  24262.5  24266.0    2012

===== HEIKIN-ASHI + SIGNALS (DE40-H1, H1) — last 20 =====
                       ha_c       ha_open  ...  dir  signal
time                                       ...             
2025-10-24 12:00  24199.000  24220.794921  ...   -1        
2025-10-24 13:00  24215.625  24209.897460  ...   -1        
2025-10-24 14:00  24229.125  24212.761230  ...   -1        
2025-10-24 15:00  24234.125  24220.943115  ...   -1        
2025-10-24 16:00  24237.125  24227.534058  ...   -1        
2025-10-24 17:00  24237.400  24232.329529  ...   -1        
2025-10-24 18:00  24241.550  24234.864764  ...   -1        
2025-10-24 19:00  24236.550  24238.207382  ...   -1        
2025-10-24 20:00  24228.400  24237.378691  ...   -1        
2025-10-27 00:00  24397.150  24232.889346  ...    1     BUY
2025-10-27 01:00  24368.775  24315.019673  ...    1        
2025-10-27 02:00  24356.450  24341.897336  ...    1        
2025-10-27 03:00  24336.950  24349.173668  ...    1        
2025-10-27 04:00  24326.150  24343.061834  ...    1        
2025-10-27 05:00  24354.950  24334.605917  ...    1        
2025-10-27 06:00  24373.400  24344.777959  ...    1        
2025-10-27 07:00  24350.800  24359.088979  ...    1        
2025-10-27 08:00  24312.625  24354.944490  ...   -1    SELL
2025-10-27 09:00  24291.250  24333.784745  ...   -1        
2025-10-27 10:00  24282.500  24312.517372  ...   -1        

[20 rows x 6 columns]

[INFO] DE40-H1: no actionable signal.
[OK] XAU-M15: new M15 candle @ 2025-10-27 11:00

===== RAW OANDA CANDLESTICK (XAU-M15, M15) — last 20 =====
                      open      high       low     close  volume
time                                                            
2025-10-27 06:15  4079.675  4084.035  4078.275  4082.065    8049
2025-10-27 06:30  4082.080  4083.595  4078.890  4079.935    5895
2025-10-27 06:45  4079.975  4083.170  4074.055  4078.325   11130
2025-10-27 07:00  4078.330  4079.870  4070.200  4071.635   10198
2025-10-27 07:15  4071.635  4074.745  4065.955  4068.430    9025
2025-10-27 07:30  4068.455  4071.495  4066.685  4070.690    7747
2025-10-27 07:45  4070.680  4070.965  4064.020  4068.945    8413
2025-10-27 08:00  4068.930  4068.930  4063.685  4066.795   11737
2025-10-27 08:15  4066.775  4070.455  4056.115  4058.705    8826
2025-10-27 08:30  4058.715  4062.610  4058.345  4058.925    9775
2025-10-27 08:45  4058.885  4061.780  4024.340  4043.600   14917
2025-10-27 09:00  4043.580  4050.410  4029.910  4036.690   15139
2025-10-27 09:15  4036.610  4043.385  4033.890  4037.555   10417
2025-10-27 09:30  4037.475  4049.780  4036.505  4042.840    7800
2025-10-27 09:45  4042.740  4048.345  4038.790  4039.960    6965
2025-10-27 10:00  4039.770  4047.805  4037.240  4043.475    6741
2025-10-27 10:15  4043.450  4045.280  4034.905  4036.125    6208
2025-10-27 10:30  4036.260  4045.960  4028.895  4041.385    7262
2025-10-27 10:45  4041.475  4042.575  4035.475  4037.565    7845
2025-10-27 11:00  4037.620  4041.545  4020.840  4030.620   12478

===== HEIKIN-ASHI + SIGNALS (XAU-M15, M15) — last 20 =====
                        ha_c      ha_open      ha_high    ha_low  dir signal
time                                                                        
2025-10-27 06:15  4081.01250  4079.534393  4084.035000  4078.275    1       
2025-10-27 06:30  4081.12500  4080.273447  4083.595000  4078.890    1       
2025-10-27 06:45  4078.88125  4080.699223  4083.170000  4074.055    1       
2025-10-27 07:00  4075.00875  4079.790237  4079.870000  4070.200    1       
2025-10-27 07:15  4070.19125  4077.399493  4077.399493  4065.955   -1   SELL
2025-10-27 07:30  4069.33125  4073.795372  4073.795372  4066.685   -1       
2025-10-27 07:45  4068.65250  4071.563311  4071.563311  4064.020   -1       
2025-10-27 08:00  4067.08500  4070.107905  4070.107905  4063.685   -1       
2025-10-27 08:15  4063.01250  4068.596453  4070.455000  4056.115   -1       
2025-10-27 08:30  4059.64875  4065.804476  4065.804476  4058.345   -1       
2025-10-27 08:45  4047.15125  4062.726613  4062.726613  4024.340   -1       
2025-10-27 09:00  4040.14750  4054.938932  4054.938932  4029.910   -1       
2025-10-27 09:15  4037.86000  4047.543216  4047.543216  4033.890   -1       
2025-10-27 09:30  4041.65000  4042.701608  4049.780000  4036.505   -1       
2025-10-27 09:45  4042.45875  4042.175804  4048.345000  4038.790   -1       
2025-10-27 10:00  4042.07250  4042.317277  4047.805000  4037.240   -1       
2025-10-27 10:15  4039.94000  4042.194888  4045.280000  4034.905   -1       
2025-10-27 10:30  4038.12500  4041.067444  4045.960000  4028.895   -1       
2025-10-27 10:45  4039.27250  4039.596222  4042.575000  4035.475   -1       
2025-10-27 11:00  4032.65625  4039.434361  4041.545000  4020.840   -1       

[INFO] XAU-M15: no actionable signal.
[OK] BTC-M15: new M15 candle @ 2025-10-27 11:00

===== RAW OANDA CANDLESTICK (BTC-M15, M15) — last 20 =====
                      open      high       low     close  volume
time                                                            
2025-10-27 06:15  115496.1  115771.4  115490.2  115740.2     702
2025-10-27 06:30  115746.4  115861.3  115555.7  115699.4     735
2025-10-27 06:45  115703.6  116131.6  115693.9  116079.1     818
2025-10-27 07:00  116080.7  116392.8  115857.9  115883.3     851
2025-10-27 07:15  115881.1  116076.7  115849.8  115875.0     650
2025-10-27 07:30  115880.1  115896.2  115508.0  115668.6     773
2025-10-27 07:45  115665.0  115797.6  115547.8  115577.6     731
2025-10-27 08:00  115556.0  115632.2  115441.3  115476.6     809
2025-10-27 08:15  115478.4  115617.6  115117.8  115147.1     851
2025-10-27 08:30  115147.0  115454.5  115144.7  115217.5     890
2025-10-27 08:45  115227.8  115241.6  114897.7  115026.8     820
2025-10-27 09:00  115034.9  115155.8  114824.8  115152.0     880
2025-10-27 09:15  115154.6  115269.0  114951.4  115176.6     867
2025-10-27 09:30  115158.4  115372.0  115096.9  115370.8     873
2025-10-27 09:45  115361.2  115361.2  115193.8  115251.6     752
2025-10-27 10:00  115262.2  115412.6  115116.6  115354.8     808
2025-10-27 10:15  115354.2  115565.9  115349.8  115472.8     728
2025-10-27 10:30  115463.6  115547.5  115386.7  115386.7     789
2025-10-27 10:45  115386.6  115553.7  115378.2  115462.9     714
2025-10-27 11:00  115455.2  115530.9  115395.0  115429.6     776

===== HEIKIN-ASHI + SIGNALS (BTC-M15, M15) — last 20 =====
                        ha_c        ha_open  ...  dir  signal
time                                         ...             
2025-10-27 06:15  115624.475  115527.174546  ...    1        
2025-10-27 06:30  115715.700  115575.824773  ...    1        
2025-10-27 06:45  115902.050  115645.762387  ...    1        
2025-10-27 07:00  116053.675  115773.906193  ...    1        
2025-10-27 07:15  115920.650  115913.790597  ...    1        
2025-10-27 07:30  115738.225  115917.220298  ...    1        
2025-10-27 07:45  115647.000  115827.722649  ...   -1    SELL
2025-10-27 08:00  115526.525  115737.361325  ...   -1        
2025-10-27 08:15  115340.225  115631.943162  ...   -1        
2025-10-27 08:30  115240.925  115486.084081  ...   -1        
2025-10-27 08:45  115098.475  115363.504541  ...   -1        
2025-10-27 09:00  115041.875  115230.989770  ...   -1        
2025-10-27 09:15  115137.900  115136.432385  ...   -1        
2025-10-27 09:30  115249.525  115137.166193  ...   -1        
2025-10-27 09:45  115291.950  115193.345596  ...   -1        
2025-10-27 10:00  115286.550  115242.647798  ...   -1        
2025-10-27 10:15  115435.675  115264.598899  ...   -1        
2025-10-27 10:30  115446.125  115350.136950  ...   -1        
2025-10-27 10:45  115445.350  115398.130975  ...   -1        
2025-10-27 11:00  115452.675  115421.740487  ...   -1        

[20 rows x 6 columns]

[INFO] BTC-M15: no actionable signal.
