MT5 Path Exists? True

MT5 ACCOUNT CONNECTED! 
ACCOUNT: 52474875 
BALANCE: $102222.05

[INFO] XAUUSD Lot Range: min=0.01, max=100.0, step=0.01
{'custom': False, 'chart_mode': 0, 'select': True, 'visible': True, 'session_deals': 0, 'session_buy_orders': 0, 'session_sell_orders': 0, 'volume': 0, 'volumehigh': 0, 'volumelow': 0, 'time': 1761574748, 'digits': 2, 'spread': 7, 'spread_float': True, 'ticks_bookdepth': 10, 'trade_calc_mode': 0, 'trade_mode': 4, 'start_time': 0, 'expiration_time': 0, 'trade_stops_level': 0, 'trade_freeze_level': 0, 'trade_exemode': 2, 'swap_mode': 1, 'swap_rollover3days': 3, 'margin_hedged_use_leg': False, 'expiration_mode': 15, 'filling_mode': 2, 'order_mode': 127, 'order_gtc_mode': 0, 'option_mode': 0, 'option_right': 0, 'bid': 4031.6, 'bidhigh': 4109.21, 'bidlow': 4021.59, 'ask': 4031.67, 'askhigh': 4109.32, 'asklow': 4021.69, 'last': 0.0, 'lasthigh': 0.0, 'lastlow': 0.0, 'volume_real': 0.0, 'volumehigh_real': 0.0, 'volumelow_real': 0.0, 'option_strike': 0.0, 'point': 0.01, 'trade_tick_value': 1.0, 'trade_tick_value_profit': 1.0, 'trade_tick_value_loss': 1.0, 'trade_tick_size': 0.01, 'trade_contract_size': 100.0, 'trade_accrued_interest': 0.0, 'trade_face_value': 0.0, 'trade_liquidity_rate': 0.0, 'volume_min': 0.01, 'volume_max': 100.0, 'volume_step': 0.01, 'volume_limit': 0.0, 'swap_long': -54.322, 'swap_short': 46.565, 'margin_initial': 100.0, 'margin_maintenance': 0.0, 'session_volume': 0.0, 'session_turnover': 0.0, 'session_interest': 0.0, 'session_buy_orders_volume': 0.0, 'session_sell_orders_volume': 0.0, 'session_open': 4069.88, 'session_close': 4112.26, 'session_aw': 0.0, 'session_price_settlement': 0.0, 'session_price_limit_min': 0.0, 'session_price_limit_max': 0.0, 'margin_hedged': 100.0, 'price_change': -1.9615, 'price_volatility': 0.0, 'price_theoretical': 0.0, 'price_greeks_delta': 0.0, 'price_greeks_theta': 0.0, 'price_greeks_gamma': 0.0, 'price_greeks_vega': 0.0, 'price_greeks_rho': 0.0, 'price_greeks_omega': 0.0, 'price_sensitivity': 0.0, 'basis': '', 'category': '', 'currency_base': 'XAU', 'currency_profit': 'USD', 'currency_margin': 'XAU', 'bank': '', 'description': 'Gold vs US Dollar', 'exchange': '', 'formula': '', 'isin': '', 'name': 'XAUUSD', 'page': '', 'path': 'Commodities\\Metals\\XAUUSD'}
[INFO] Min stop distance enforced by broker ≈ $0.00

[+] IN SESSION: 06:00:00–12:00:00 GMT

[*] Waiting until next 5-min candle close at 11:20:00 GMT ...

[OK] New 5-min candle detected: 2025-10-27 11:15:00
[OK] Retrieved 499 candles from OANDA.

= = = = =   RAW OANDA CANDLESTICK DATA (LAST 10 CANDLES)   = = = = =
                      open      high       low     close  volume
time                                                            
2025-10-27 10:30  4036.260  4037.665  4028.895  4035.360    3281
2025-10-27 10:35  4035.610  4045.960  4035.605  4042.925    1930
2025-10-27 10:40  4042.940  4044.590  4039.435  4041.385    2051
2025-10-27 10:45  4041.475  4042.575  4039.330  4040.570    2912
2025-10-27 10:50  4040.345  4040.345  4037.460  4038.680    2281
2025-10-27 10:55  4038.675  4038.995  4035.475  4037.565    2652
2025-10-27 11:00  4037.620  4041.545  4034.370  4036.300    3356
2025-10-27 11:05  4036.335  4038.800  4029.670  4035.015    4129
2025-10-27 11:10  4035.040  4035.200  4020.840  4030.620    4993
2025-10-27 11:15  4030.590  4032.815  4028.815  4032.140    3539

= = = = =   LAST 10 HEIKIN-ASHI CANDLES WITH SIGNALS  = = = = =
                        ha_c      ha_open      ha_high       ha_low  dir signal
time                                                                           
2025-10-27 08:50  4048.86125  4059.550406  4059.550406  4039.010000   -1       
2025-10-27 08:55  4038.40500  4054.205828  4054.205828  4024.340000   -1       
2025-10-27 09:00  4044.96500  4046.305414  4050.410000  4040.960000   -1       
2025-10-27 09:05  4041.96750  4045.635207  4050.000000  4036.420000   -1       
2025-10-27 09:10  4035.80000  4043.801353  4043.801353  4029.910000   -1       
2025-10-27 09:15  4038.16000  4039.800677  4043.385000  4033.890000   -1       
2025-10-27 09:20  4040.11000  4038.980338  4042.535000  4037.035000   -1       
2025-10-27 09:25  4039.55625  4039.545169  4042.700000  4035.815000   -1       
2025-10-27 09:30  4038.68875  4039.550710  4041.245000  4036.505000   -1       
2025-10-27 09:35  4043.48875  4039.119730  4049.780000  4039.050000   -1       
2025-10-27 09:40  4042.87500  4041.304240  4045.575000  4037.560000   -1       
2025-10-27 09:45  4044.67750  4042.089620  4047.910000  4041.650000   -1       
2025-10-27 09:50  4043.46000  4043.383560  4048.345000  4038.790000   -1       
2025-10-27 09:55  4040.39375  4043.421780  4043.421780  4038.940000   -1       
2025-10-27 10:00  4041.34750  4041.907765  4044.275000  4037.240000   -1       
2025-10-27 10:05  4044.63000  4041.627632  4047.805000  4040.675000   -1       
2025-10-27 10:10  4044.18375  4043.128816  4047.425000  4039.885000   -1       
2025-10-27 10:15  4043.02750  4043.656283  4044.590000  4040.465000   -1       
2025-10-27 10:20  4042.89375  4043.341892  4045.280000  4041.285000   -1       
2025-10-27 10:25  4038.97000  4043.117821  4043.510000  4034.905000   -1       
2025-10-27 10:30  4034.54500  4041.043910  4041.043910  4028.895000   -1       
2025-10-27 10:35  4040.02500  4037.794455  4045.960000  4035.605000   -1       
2025-10-27 10:40  4042.08750  4038.909728  4044.590000  4038.909728   -1       
2025-10-27 10:45  4040.98750  4040.498614  4042.575000  4039.330000   -1       
2025-10-27 10:50  4039.20750  4040.743057  4040.743057  4037.460000   -1       
2025-10-27 10:55  4037.67750  4039.975278  4039.975278  4035.475000   -1       
2025-10-27 11:00  4037.45875  4038.826389  4041.545000  4034.370000   -1       
2025-10-27 11:05  4034.95500  4038.142570  4038.800000  4029.670000   -1       
2025-10-27 11:10  4030.42500  4036.548785  4036.548785  4020.840000   -1       
2025-10-27 11:15  4031.09000  4033.486892  4033.486892  4028.815000   -1       
[INFO] No open position currently.
[INFO] No actionable signal.

[+] IN SESSION: 06:00:00–12:00:00 GMT

[*] Waiting until next 5-min candle close at 11:20:00 GMT ...
[SKIP] Just-closed candle already fetched. Waiting to the next close for a brand-new timestamp...

[*] Waiting until 11:25:00 GMT ...
TIME REMAINING: 00:00

[OK] New 5-min candle detected: 2025-10-27 11:20:00
[OK] Retrieved 499 candles from OANDA.

= = = = =   RAW OANDA CANDLESTICK DATA (LAST 10 CANDLES)   = = = = =
                      open      high       low     close  volume
time                                                            
2025-10-27 10:35  4035.610  4045.960  4035.605  4042.925    1930
2025-10-27 10:40  4042.940  4044.590  4039.435  4041.385    2051
2025-10-27 10:45  4041.475  4042.575  4039.330  4040.570    2912
2025-10-27 10:50  4040.345  4040.345  4037.460  4038.680    2281
2025-10-27 10:55  4038.675  4038.995  4035.475  4037.565    2652
2025-10-27 11:00  4037.620  4041.545  4034.370  4036.300    3356
2025-10-27 11:05  4036.335  4038.800  4029.670  4035.015    4129
2025-10-27 11:10  4035.040  4035.200  4020.840  4030.620    4993
2025-10-27 11:15  4030.590  4032.815  4028.815  4032.140    3539
2025-10-27 11:20  4032.135  4032.440  4027.925  4028.550    4451

= = = = =   LAST 10 HEIKIN-ASHI CANDLES WITH SIGNALS  = = = = =
                        ha_c      ha_open      ha_high       ha_low  dir signal
time                                                                           
2025-10-27 08:55  4038.40500  4054.205828  4054.205828  4024.340000   -1       
2025-10-27 09:00  4044.96500  4046.305414  4050.410000  4040.960000   -1       
2025-10-27 09:05  4041.96750  4045.635207  4050.000000  4036.420000   -1       
2025-10-27 09:10  4035.80000  4043.801353  4043.801353  4029.910000   -1       
2025-10-27 09:15  4038.16000  4039.800677  4043.385000  4033.890000   -1       
2025-10-27 09:20  4040.11000  4038.980338  4042.535000  4037.035000   -1       
2025-10-27 09:25  4039.55625  4039.545169  4042.700000  4035.815000   -1       
2025-10-27 09:30  4038.68875  4039.550710  4041.245000  4036.505000   -1       
2025-10-27 09:35  4043.48875  4039.119730  4049.780000  4039.050000   -1       
2025-10-27 09:40  4042.87500  4041.304240  4045.575000  4037.560000   -1       
2025-10-27 09:45  4044.67750  4042.089620  4047.910000  4041.650000   -1       
2025-10-27 09:50  4043.46000  4043.383560  4048.345000  4038.790000   -1       
2025-10-27 09:55  4040.39375  4043.421780  4043.421780  4038.940000   -1       
2025-10-27 10:00  4041.34750  4041.907765  4044.275000  4037.240000   -1       
2025-10-27 10:05  4044.63000  4041.627632  4047.805000  4040.675000   -1       
2025-10-27 10:10  4044.18375  4043.128816  4047.425000  4039.885000   -1       
2025-10-27 10:15  4043.02750  4043.656283  4044.590000  4040.465000   -1       
2025-10-27 10:20  4042.89375  4043.341892  4045.280000  4041.285000   -1       
2025-10-27 10:25  4038.97000  4043.117821  4043.510000  4034.905000   -1       
2025-10-27 10:30  4034.54500  4041.043910  4041.043910  4028.895000   -1       
2025-10-27 10:35  4040.02500  4037.794455  4045.960000  4035.605000   -1       
2025-10-27 10:40  4042.08750  4038.909728  4044.590000  4038.909728   -1       
2025-10-27 10:45  4040.98750  4040.498614  4042.575000  4039.330000   -1       
2025-10-27 10:50  4039.20750  4040.743057  4040.743057  4037.460000   -1       
2025-10-27 10:55  4037.67750  4039.975278  4039.975278  4035.475000   -1       
2025-10-27 11:00  4037.45875  4038.826389  4041.545000  4034.370000   -1       
2025-10-27 11:05  4034.95500  4038.142570  4038.800000  4029.670000   -1       
2025-10-27 11:10  4030.42500  4036.548785  4036.548785  4020.840000   -1       
2025-10-27 11:15  4031.09000  4033.486892  4033.486892  4028.815000   -1       
2025-10-27 11:20  4030.26250  4032.288446  4032.440000  4027.925000   -1       
[INFO] No open position currently.
[INFO] No actionable signal.

[+] IN SESSION: 06:00:00–12:00:00 GMT

[*] Waiting until next 5-min candle close at 11:25:00 GMT ...
[SKIP] Just-closed candle already fetched. Waiting to the next close for a brand-new timestamp...

[*] Waiting until 11:30:00 GMT ...
