MT5 Path Exists? True

MT5 ACCOUNT CONNECTED!
ACCOUNT: 52561010
BALANCE: $85720.00

[INFO] XAUUSD Lot Range: min=0.01, max=100.0, step=0.01
[INFO] Approx. min stop distance enforced by broker ≈ $0.00
[CHECK] $ per $1 move (1 lot) detected: 100.00
[BOOT] CE-PO3 M5 engine active. Always-on: True
2025-10-27 11:19:08 | [+] IN SESSION: always-on
2025-10-27 11:19:08 | [*] Waiting until next 5-min close at 11:20:00 GMT ...
2025-10-27 11:20:02 | [OK] New 5-min candle: 2025-10-27 11:15:00 GMT

===== RAW OANDA M5 DATA — last 10 =====
                      open      high       low     close  volume
time                                                            
2025-10-27 10:30  4036.260  4037.665  4028.895  4035.360    3281
2025-10-27 10:35  4035.610  4045.960  4035.605  4042.925    1930
2025-10-27 10:40  4042.940  4044.590  4039.435  4041.385    2051
2025-10-27 10:45  4041.475  4042.575  4039.330  4040.570    2912
2025-10-27 10:50  4040.345  4040.345  4037.460  4038.680    2281
2025-10-27 10:55  4038.675  4038.995  4035.475  4037.565    2652
2025-10-27 11:00  4037.620  4041.545  4034.370  4036.300    3356
2025-10-27 11:05  4036.335  4038.800  4029.670  4035.015    4129
2025-10-27 11:10  4035.040  4035.200  4020.840  4030.620    4993
2025-10-27 11:15  4030.590  4032.815  4028.815  4032.140    3539

===== HA + SIGNALS (M5) — last 10 =====
                        ha_c      ha_open      ha_high       ha_low  dir signal
time                                                                           
2025-10-27 10:30  4034.54500  4041.043910  4041.043910  4028.895000   -1       
2025-10-27 10:35  4040.02500  4037.794455  4045.960000  4035.605000   -1       
2025-10-27 10:40  4042.08750  4038.909728  4044.590000  4038.909728   -1       
2025-10-27 10:45  4040.98750  4040.498614  4042.575000  4039.330000   -1       
2025-10-27 10:50  4039.20750  4040.743057  4040.743057  4037.460000   -1       
2025-10-27 10:55  4037.67750  4039.975278  4039.975278  4035.475000   -1       
2025-10-27 11:00  4037.45875  4038.826389  4041.545000  4034.370000   -1       
2025-10-27 11:05  4034.95500  4038.142570  4038.800000  4029.670000   -1       
2025-10-27 11:10  4030.42500  4036.548785  4036.548785  4020.840000   -1       
2025-10-27 11:15  4031.09000  4033.486892  4033.486892  4028.815000   -1       
[REGIME] NORMAL | diag: {'persistence_run': 53, 'disp_abs': 7.594250000000102, 'atr20': 6.829264147395705, 'disp_ok': True, 'sweep_recent': True, 'trend_ok': True, 'decision': 'NORMAL'}
[INFO] No open position currently.
[INFO] No actionable signal.
2025-10-27 11:20:02 | [+] IN SESSION: always-on
2025-10-27 11:20:02 | [*] Waiting until next 5-min close at 11:25:00 GMT ...
2025-10-27 11:25:02 | [OK] New 5-min candle: 2025-10-27 11:20:00 GMT

===== RAW OANDA M5 DATA — last 10 =====
                      open      high       low     close  volume
time                                                            
2025-10-27 10:35  4035.610  4045.960  4035.605  4042.925    1930
2025-10-27 10:40  4042.940  4044.590  4039.435  4041.385    2051
2025-10-27 10:45  4041.475  4042.575  4039.330  4040.570    2912
2025-10-27 10:50  4040.345  4040.345  4037.460  4038.680    2281
2025-10-27 10:55  4038.675  4038.995  4035.475  4037.565    2652
2025-10-27 11:00  4037.620  4041.545  4034.370  4036.300    3356
2025-10-27 11:05  4036.335  4038.800  4029.670  4035.015    4129
2025-10-27 11:10  4035.040  4035.200  4020.840  4030.620    4993
2025-10-27 11:15  4030.590  4032.815  4028.815  4032.140    3539
2025-10-27 11:20  4032.135  4032.440  4027.925  4028.550    4451

===== HA + SIGNALS (M5) — last 10 =====
                        ha_c      ha_open      ha_high       ha_low  dir signal
time                                                                           
2025-10-27 10:35  4040.02500  4037.794455  4045.960000  4035.605000   -1       
2025-10-27 10:40  4042.08750  4038.909728  4044.590000  4038.909728   -1       
2025-10-27 10:45  4040.98750  4040.498614  4042.575000  4039.330000   -1       
2025-10-27 10:50  4039.20750  4040.743057  4040.743057  4037.460000   -1       
2025-10-27 10:55  4037.67750  4039.975278  4039.975278  4035.475000   -1       
2025-10-27 11:00  4037.45875  4038.826389  4041.545000  4034.370000   -1       
2025-10-27 11:05  4034.95500  4038.142570  4038.800000  4029.670000   -1       
2025-10-27 11:10  4030.42500  4036.548785  4036.548785  4020.840000   -1       
2025-10-27 11:15  4031.09000  4033.486892  4033.486892  4028.815000   -1       
2025-10-27 11:20  4030.26250  4032.288446  4032.440000  4027.925000   -1       
[REGIME] NORMAL | diag: {'persistence_run': 54, 'disp_abs': 10.469749999999294, 'atr20': 6.713550940025954, 'disp_ok': True, 'sweep_recent': True, 'trend_ok': True, 'decision': 'NORMAL'}
[INFO] No open position currently.
[INFO] No actionable signal.
2025-10-27 11:25:02 | [+] IN SESSION: always-on
2025-10-27 11:25:02 | [*] Waiting until next 5-min close at 11:30:00 GMT ...
