MT5 Path Exists? True

MT5 ACCOUNT CONNECTED! 
ACCOUNT: 52526820 
BALANCE: $96366.69

[INFO] BTCUSD Lot Range: min=0.01, max=10.0, step=0.01
{'custom': False, 'chart_mode': 0, 'select': True, 'visible': True, 'session_deals': 0, 'session_buy_orders': 0, 'session_sell_orders': 0, 'volume': 0, 'volumehigh': 0, 'volumelow': 0, 'time': 1761574748, 'digits': 2, 'spread': 1200, 'spread_float': True, 'ticks_bookdepth': 0, 'trade_calc_mode': 2, 'trade_mode': 4, 'start_time': 0, 'expiration_time': 0, 'trade_stops_level': 0, 'trade_freeze_level': 0, 'trade_exemode': 2, 'swap_mode': 5, 'swap_rollover3days': 5, 'margin_hedged_use_leg': False, 'expiration_mode': 15, 'filling_mode': 2, 'order_mode': 127, 'order_gtc_mode': 0, 'option_mode': 0, 'option_right': 0, 'bid': 115375.0, 'bidhigh': 116402.95, 'bidlow': 112794.88, 'ask': 115387.0, 'askhigh': 116414.95, 'asklow': 112929.7, 'last': 0.0, 'lasthigh': 0.0, 'lastlow': 0.0, 'volume_real': 0.0, 'volumehigh_real': 0.0, 'volumelow_real': 0.0, 'option_strike': 0.0, 'point': 0.01, 'trade_tick_value': 0.01, 'trade_tick_value_profit': 0.01, 'trade_tick_value_loss': 0.01, 'trade_tick_size': 0.01, 'trade_contract_size': 1.0, 'trade_accrued_interest': 0.0, 'trade_face_value': 0.0, 'trade_liquidity_rate': 0.0, 'volume_min': 0.01, 'volume_max': 10.0, 'volume_step': 0.01, 'volume_limit': 10.0, 'swap_long': -20.0, 'swap_short': 0.0, 'margin_initial': 0.0, 'margin_maintenance': 0.0, 'session_volume': 0.0, 'session_turnover': 0.0, 'session_interest': 0.0, 'session_buy_orders_volume': 0.0, 'session_sell_orders_volume': 0.0, 'session_open': 113392.19, 'session_close': 113402.21, 'session_aw': 0.0, 'session_price_settlement': 0.0, 'session_price_limit_min': 0.0, 'session_price_limit_max': 0.0, 'margin_hedged': 0.0, 'price_change': 1.7396, 'price_volatility': 0.0, 'price_theoretical': 0.0, 'price_greeks_delta': 0.0, 'price_greeks_theta': 0.0, 'price_greeks_gamma': 0.0, 'price_greeks_vega': 0.0, 'price_greeks_rho': 0.0, 'price_greeks_omega': 0.0, 'price_sensitivity': 0.0, 'basis': '', 'category': '', 'currency_base': 'USD', 'currency_profit': 'USD', 'currency_margin': 'USD', 'bank': '', 'description': 'Bitcoin (USD)', 'exchange': '', 'formula': '', 'isin': '', 'name': 'BTCUSD', 'page': '', 'path': 'Crypto\\BTCUSD'}
[INFO] Min stop distance enforced by broker ≈ $0.00

[+] IN SESSION: 10:00:00–13:00:00 GMT

[*] Waiting until next 5-min candle close at 11:20:00 GMT ...

[OK] New 5-min candle detected: 2025-10-27 11:15:00
[OK] Retrieved 499 candles from OANDA.

= = = = =   RAW OANDA CANDLESTICK DATA (LAST 10 CANDLES)   = = = = =
                      open      high       low     close  volume
time                                                            
2025-10-27 10:30  115463.6  115509.3  115399.0  115437.7     259
2025-10-27 10:35  115438.8  115541.0  115437.5  115520.6     264
2025-10-27 10:40  115522.2  115547.5  115386.7  115386.7     266
2025-10-27 10:45  115386.6  115534.1  115378.2  115493.6     251
2025-10-27 10:50  115472.9  115553.7  115414.6  115465.8     245
2025-10-27 10:55  115465.5  115471.7  115399.5  115462.9     218
2025-10-27 11:00  115455.2  115530.0  115444.2  115468.8     260
2025-10-27 11:05  115472.6  115489.0  115395.0  115430.2     263
2025-10-27 11:10  115426.7  115530.9  115419.6  115429.6     253
2025-10-27 11:15  115436.2  115523.6  115305.1  115316.7     257

= = = = =   LAST 10 HEIKIN-ASHI CANDLES WITH SIGNALS  = = = = =
                        ha_c        ha_open  ...  dir  signal
time                                         ...             
2025-10-27 08:50  114991.350  115236.951355  ...   -1        
2025-10-27 08:55  114971.625  115114.150678  ...   -1        
2025-10-27 09:00  114963.275  115042.887839  ...   -1        
2025-10-27 09:05  114905.375  115003.081419  ...   -1        
2025-10-27 09:10  115030.950  114954.228210  ...   -1        
2025-10-27 09:15  115096.900  114992.589105  ...   -1        
2025-10-27 09:20  115123.350  115044.744552  ...   -1        
2025-10-27 09:25  115137.850  115084.047276  ...   -1        
2025-10-27 09:30  115161.050  115110.948638  ...    1     BUY
2025-10-27 09:35  115252.575  115135.999319  ...    1        
2025-10-27 09:40  115336.300  115194.287160  ...    1        
2025-10-27 09:45  115306.325  115265.293580  ...    1        
2025-10-27 09:50  115263.325  115285.809290  ...    1        
2025-10-27 09:55  115269.100  115274.567145  ...    1        
2025-10-27 10:00  115201.650  115271.833572  ...   -1    SELL
2025-10-27 10:05  115281.000  115236.741786  ...   -1        
2025-10-27 10:10  115350.725  115258.870893  ...    1     BUY
2025-10-27 10:15  115447.800  115304.797947  ...    1        
2025-10-27 10:20  115459.725  115376.298973  ...    1        
2025-10-27 10:25  115439.675  115418.011987  ...    1        
2025-10-27 10:30  115452.400  115428.843493  ...    1        
2025-10-27 10:35  115484.475  115440.621747  ...    1        
2025-10-27 10:40  115460.775  115462.548373  ...    1        
2025-10-27 10:45  115448.125  115461.661687  ...    1        
2025-10-27 10:50  115476.750  115454.893343  ...    1        
2025-10-27 10:55  115449.900  115465.821672  ...    1        
2025-10-27 11:00  115474.550  115457.860836  ...    1        
2025-10-27 11:05  115446.700  115466.205418  ...    1        
2025-10-27 11:10  115451.700  115456.452709  ...    1        
2025-10-27 11:15  115395.400  115454.076354  ...    1        

[30 rows x 6 columns]
[INFO] No open position currently.
[INFO] No actionable signal.

[+] IN SESSION: 10:00:00–13:00:00 GMT

[*] Waiting until next 5-min candle close at 11:20:00 GMT ...
[SKIP] Just-closed candle already fetched. Waiting to the next close for a brand-new timestamp...

[*] Waiting until 11:25:00 GMT ...
TIME REMAINING: 00:00

[OK] New 5-min candle detected: 2025-10-27 11:20:00
[OK] Retrieved 499 candles from OANDA.

= = = = =   RAW OANDA CANDLESTICK DATA (LAST 10 CANDLES)   = = = = =
                      open      high       low     close  volume
time                                                            
2025-10-27 10:35  115438.8  115541.0  115437.5  115520.6     264
2025-10-27 10:40  115522.2  115547.5  115386.7  115386.7     266
2025-10-27 10:45  115386.6  115534.1  115378.2  115493.6     251
2025-10-27 10:50  115472.9  115553.7  115414.6  115465.8     245
2025-10-27 10:55  115465.5  115471.7  115399.5  115462.9     218
2025-10-27 11:00  115455.2  115530.0  115444.2  115468.8     260
2025-10-27 11:05  115472.6  115489.0  115395.0  115430.2     263
2025-10-27 11:10  115426.7  115530.9  115419.6  115429.6     253
2025-10-27 11:15  115436.2  115523.6  115305.1  115316.7     257
2025-10-27 11:20  115315.0  115323.4  115130.5  115225.8     299

= = = = =   LAST 10 HEIKIN-ASHI CANDLES WITH SIGNALS  = = = = =
                        ha_c        ha_open  ...  dir  signal
time                                         ...             
2025-10-27 08:55  114971.625  115114.150678  ...   -1        
2025-10-27 09:00  114963.275  115042.887839  ...   -1        
2025-10-27 09:05  114905.375  115003.081419  ...   -1        
2025-10-27 09:10  115030.950  114954.228210  ...   -1        
2025-10-27 09:15  115096.900  114992.589105  ...   -1        
2025-10-27 09:20  115123.350  115044.744552  ...   -1        
2025-10-27 09:25  115137.850  115084.047276  ...   -1        
2025-10-27 09:30  115161.050  115110.948638  ...    1     BUY
2025-10-27 09:35  115252.575  115135.999319  ...    1        
2025-10-27 09:40  115336.300  115194.287160  ...    1        
2025-10-27 09:45  115306.325  115265.293580  ...    1        
2025-10-27 09:50  115263.325  115285.809290  ...    1        
2025-10-27 09:55  115269.100  115274.567145  ...    1        
2025-10-27 10:00  115201.650  115271.833572  ...   -1    SELL
2025-10-27 10:05  115281.000  115236.741786  ...   -1        
2025-10-27 10:10  115350.725  115258.870893  ...    1     BUY
2025-10-27 10:15  115447.800  115304.797947  ...    1        
2025-10-27 10:20  115459.725  115376.298973  ...    1        
2025-10-27 10:25  115439.675  115418.011987  ...    1        
2025-10-27 10:30  115452.400  115428.843493  ...    1        
2025-10-27 10:35  115484.475  115440.621747  ...    1        
2025-10-27 10:40  115460.775  115462.548373  ...    1        
2025-10-27 10:45  115448.125  115461.661687  ...    1        
2025-10-27 10:50  115476.750  115454.893343  ...    1        
2025-10-27 10:55  115449.900  115465.821672  ...    1        
2025-10-27 11:00  115474.550  115457.860836  ...    1        
2025-10-27 11:05  115446.700  115466.205418  ...    1        
2025-10-27 11:10  115451.700  115456.452709  ...    1        
2025-10-27 11:15  115395.400  115454.076354  ...    1        
2025-10-27 11:20  115248.675  115424.738177  ...   -1    SELL

[30 rows x 6 columns]
[INFO] No open position currently.
[TRADE] BTC-5M: new signal=SELL | prev=NONE | open=NONE
[RISK] Balance risked: $240.92 | SL distance: $250.00 | Lot: 0.96
[OK] ORDER PLACED: ticket=1287157743, price=115244.3, sl=115494.3, lot=0.96
[OK] SL ADJUSTED to 115490.85

[+] IN SESSION: 10:00:00–13:00:00 GMT

[*] Waiting until next 5-min candle close at 11:25:00 GMT ...
[SKIP] Just-closed candle already fetched. Waiting to the next close for a brand-new timestamp...

[*] Waiting until 11:30:00 GMT ...
