[BOOT] MT5 path exists? True
[BOOT] Assets: XAU(XAUUSD/XAU_USD), BTC(BTCUSD/BTC_USD)

[MT5] Connected: 52474888 | Balance: $85789.29

[MT5] XAUUSD lot: min=0.01, max=100.0, step=0.01, contract_size=100.0, digits=2
[MT5] BTCUSD lot: min=0.01, max=10.0, step=0.01, contract_size=1.0, digits=2
[RUN] Multi-asset EMA+VWAP scalper started.
[OK] (XAUUSD) Placed BUY 0.27 lots @ 3822.63 | SL=3814.63 TP=3838.37
[OK] (BTCUSD) Placed BUY 0.97 lots @ 113497.00 | SL=113252.30 TP=113915.89
[OK] (XAUUSD) Placed BUY 0.27 lots @ 3825.93 | SL=3816.98 TP=3841.13
[OK] (BTCUSD) Placed BUY 0.91 lots @ 113584.00 | SL=113352.02 TP=114059.96
[OK] (XAUUSD) Placed BUY 0.26 lots @ 3828.86 | SL=3820.91 TP=3845.62
[OK] (BTCUSD) Placed BUY 0.88 lots @ 113493.00 | SL=113270.09 TP=114001.82
[OK] (BTCUSD) Placed BUY 0.73 lots @ 113437.00 | SL=113169.29 TP=114042.93
[OK] (XAUUSD) Placed BUY 0.28 lots @ 3828.80 | SL=3820.79 TP=3843.81
[OK] (XAUUSD) Placed BUY 0.25 lots @ 3838.61 | SL=3830.20 TP=3855.56
[OK] (XAUUSD) Placed BUY 0.24 lots @ 3843.20 | SL=3835.14 TP=3861.53
[OK] (BTCUSD) Placed BUY 0.56 lots @ 113604.50 | SL=113171.05 TP=114313.89
[OK] (BTCUSD) Placed BUY 0.57 lots @ 113542.50 | SL=113145.57 TP=114267.36
[OK] (XAUUSD) Placed BUY 0.22 lots @ 3853.85 | SL=3844.51 TP=3873.23
[OK] (BTCUSD) Placed BUY 0.61 lots @ 113464.50 | SL=113090.75 TP=114141.50
[OK] (BTCUSD) Placed BUY 0.65 lots @ 113294.50 | SL=112954.34 TP=113935.82
[OK] (XAUUSD) Placed BUY 0.23 lots @ 3839.78 | SL=3830.18 TP=3858.25
[OK] (XAUUSD) Placed BUY 0.24 lots @ 3841.44 | SL=3832.50 TP=3858.78
[OK] (XAUUSD) Placed BUY 0.24 lots @ 3843.54 | SL=3834.63 TP=3861.59
[SESSION] (XAUUSD) Session ended — auto-closing open positions...
[AUTO-CLOSE] (XAUUSD) Round 1: closing 4 positions...
[OK] (XAUUSD) Auto-closed ticket=1246381936
[OK] (XAUUSD) Auto-closed ticket=1246647126
[OK] (XAUUSD) Auto-closed ticket=1246673847
[OK] (XAUUSD) Auto-closed ticket=1246683495
[OK] (BTCUSD) Placed BUY 0.93 lots @ 113434.00 | SL=113200.59 TP=113887.32
[OK] (BTCUSD) Placed BUY 0.89 lots @ 113380.00 | SL=113137.55 TP=113857.39
[OK] (BTCUSD) Placed BUY 0.87 lots @ 113390.50 | SL=113128.11 TP=113856.79
[OK] (BTCUSD) Placed BUY 0.88 lots @ 113553.00 | SL=113299.14 TP=114021.71
[OK] (BTCUSD) Placed BUY 0.91 lots @ 113500.00 | SL=113264.18 TP=113967.14
[OK] (BTCUSD) Placed BUY 0.97 lots @ 114084.50 | SL=113886.12 TP=114557.75
[OK] (BTCUSD) Placed BUY 0.88 lots @ 114338.50 | SL=114082.32 TP=114823.86
[SESSION] (BTCUSD) Session ended — auto-closing open positions...
[AUTO-CLOSE] (BTCUSD) Round 1: closing 1 positions...
[OK] (BTCUSD) Auto-closed ticket=1246991095
[ROLLOVER] Pausing (22:00–22:10 UTC).
[ROLLOVER] Pausing (22:00–22:10 UTC).
[ROLLOVER] Pausing (22:00–22:10 UTC).
[OK] (BTCUSD) Placed BUY 1.29 lots @ 114255.00 | SL=114066.62 TP=114571.75
[OK] (BTCUSD) Placed BUY 1.27 lots @ 114288.00 | SL=114110.89 TP=114624.21
[OK] (BTCUSD) Placed BUY 1.23 lots @ 114286.00 | SL=114079.07 TP=114606.86
[OK] (BTCUSD) Placed BUY 1.16 lots @ 114146.00 | SL=113950.04 TP=114510.93
[OK] (BTCUSD) Placed BUY 1.08 lots @ 114260.50 | SL=114063.82 TP=114661.36
[OK] (BTCUSD) Placed BUY 1.06 lots @ 114285.00 | SL=114065.68 TP=114674.14
[OK] (BTCUSD) Placed BUY 1.01 lots @ 114347.00 | SL=114122.00 TP=114761.00
[OK] (BTCUSD) Placed BUY 1.06 lots @ 114441.00 | SL=114229.66 TP=114845.68
[OK] (BTCUSD) Placed BUY 1.51 lots @ 114391.00 | SL=114240.98 TP=114671.54
[OK] (BTCUSD) Placed BUY 1.10 lots @ 114364.50 | SL=114170.45 TP=114760.11
[OK] (BTCUSD) Placed BUY 1.09 lots @ 114535.00 | SL=114327.84 TP=114922.32
[OK] (XAUUSD) Placed BUY 0.57 lots @ 3868.88 | SL=3865.54 TP=3877.05
[OK] (BTCUSD) Placed BUY 0.88 lots @ 114578.00 | SL=114358.82 TP=115100.36
[OK] (XAUUSD) Placed BUY 0.51 lots @ 3864.39 | SL=3860.06 TP=3872.79
[OK] (BTCUSD) Placed BUY 0.89 lots @ 114627.50 | SL=114374.86 TP=115105.79
[OK] (XAUUSD) Placed BUY 0.52 lots @ 3867.31 | SL=3863.22 TP=3875.67
[OK] (XAUUSD) Placed BUY 0.54 lots @ 3867.90 | SL=3863.84 TP=3875.87
[OK] (BTCUSD) Placed BUY 0.87 lots @ 114633.00 | SL=114387.68 TP=115135.64
[OK] (XAUUSD) Placed BUY 0.52 lots @ 3865.52 | SL=3861.26 TP=3873.88
[OK] (BTCUSD) Placed BUY 0.88 lots @ 114637.00 | SL=114410.27 TP=115147.46
[OK] (BTCUSD) Placed BUY 1.32 lots @ 114555.00 | SL=114385.11 TP=114870.79
[OK] (XAUUSD) Placed BUY 0.40 lots @ 3866.59 | SL=3861.63 TP=3877.45
[OK] (XAUUSD) Placed BUY 0.42 lots @ 3868.40 | SL=3863.55 TP=3878.78
[OK] (BTCUSD) Placed BUY 1.09 lots @ 114617.00 | SL=114400.30 TP=114987.39
[OK] (BTCUSD) Placed BUY 1.12 lots @ 114600.00 | SL=114392.61 TP=114963.79
[OK] (XAUUSD) Placed BUY 0.38 lots @ 3874.21 | SL=3868.88 TP=3885.48
[OK] (BTCUSD) Placed BUY 1.13 lots @ 114562.50 | SL=114375.79 TP=114938.93
[OK] (XAUUSD) Placed BUY 0.37 lots @ 3878.29 | SL=3872.44 TP=3889.70
[OK] (BTCUSD) Placed BUY 1.31 lots @ 114552.00 | SL=114415.00 TP=114905.50
[OK] (BTCUSD) Placed BUY 1.20 lots @ 114760.00 | SL=114537.73 TP=115092.04
[OK] (BTCUSD) Placed BUY 1.05 lots @ 115135.00 | SL=114918.12 TP=115553.75
[OK] (BTCUSD) Placed BUY 0.98 lots @ 115242.50 | SL=115014.18 TP=115694.64
[OK] (BTCUSD) Placed BUY 0.55 lots @ 116540.00 | SL=116111.32 TP=117343.36
[OK] (XAUUSD) Placed BUY 0.46 lots @ 3888.55 | SL=3883.75 TP=3898.49
[OK] (XAUUSD) Placed BUY 0.47 lots @ 3889.37 | SL=3884.62 TP=3898.88
[OK] (XAUUSD) Placed BUY 0.49 lots @ 3890.95 | SL=3886.48 TP=3900.35
[OK] (XAUUSD) Placed BUY 0.45 lots @ 3888.94 | SL=3884.04 TP=3898.97
[OK] (BTCUSD) Placed BUY 1.07 lots @ 116437.00 | SL=116224.00 TP=116854.00
[OK] (XAUUSD) Placed BUY 0.45 lots @ 3888.76 | SL=3883.89 TP=3898.99
[OK] (BTCUSD) Placed BUY 1.28 lots @ 116339.00 | SL=116175.88 TP=116701.25
[SESSION] (XAUUSD) Session ended — auto-closing open positions...
[AUTO-CLOSE] (XAUUSD) Round 1: closing 4 positions...
[OK] (XAUUSD) Auto-closed ticket=1247956438
[OK] (XAUUSD) Auto-closed ticket=1247966123
[OK] (XAUUSD) Auto-closed ticket=1248001764
[OK] (XAUUSD) Auto-closed ticket=1248013200
[OK] (BTCUSD) Placed BUY 1.34 lots @ 116440.00 | SL=116269.36 TP=116770.79
[OK] (XAUUSD) Placed BUY 0.53 lots @ 3884.18 | SL=3879.52 TP=3892.31
[OK] (XAUUSD) Placed BUY 0.54 lots @ 3882.57 | SL=3879.11 TP=3891.76
[OK] (XAUUSD) Placed BUY 0.52 lots @ 3883.71 | SL=3878.99 TP=3892.18
[OK] (XAUUSD) Placed BUY 0.51 lots @ 3884.64 | SL=3880.35 TP=3893.74
[OK] (BTCUSD) Placed BUY 1.25 lots @ 116761.50 | SL=116545.91 TP=117092.18
[OK] (BTCUSD) Placed BUY 1.16 lots @ 116890.50 | SL=116675.27 TP=117263.96
[OK] (BTCUSD) Placed BUY 1.07 lots @ 116793.00 | SL=116575.16 TP=117209.18
[OK] (BTCUSD) Placed BUY 0.93 lots @ 116621.00 | SL=116378.12 TP=117099.25
[OK] (BTCUSD) Placed BUY 0.97 lots @ 116585.00 | SL=116344.93 TP=117032.14
[OK] (BTCUSD) Placed BUY 1.01 lots @ 116602.00 | SL=116372.73 TP=117035.04
[OK] (BTCUSD) Placed BUY 0.82 lots @ 117308.00 | SL=116988.23 TP=117812.54
[OK] (BTCUSD) Placed BUY 0.74 lots @ 117173.00 | SL=116839.43 TP=117756.14
[OK] (BTCUSD) Placed BUY 0.59 lots @ 117525.00 | SL=117111.11 TP=118253.79
[OK] (BTCUSD) Placed BUY 0.59 lots @ 117371.00 | SL=116974.45 TP=118131.11
[OK] (BTCUSD) Placed BUY 0.61 lots @ 117425.50 | SL=117032.86 TP=118137.29
[OK] (BTCUSD) Placed BUY 0.93 lots @ 117824.50 | SL=117565.04 TP=118301.43
[SESSION] (XAUUSD) Session ended — auto-closing open positions...
[OK] (BTCUSD) Placed BUY 0.78 lots @ 117639.00 | SL=117340.09 TP=118220.32
[OK] (BTCUSD) Placed BUY 1.21 lots @ 117475.00 | SL=117278.66 TP=117849.68
[OK] (BTCUSD) Placed BUY 1.44 lots @ 117638.00 | SL=117460.09 TP=117939.82
[SESSION] (BTCUSD) Session ended — auto-closing open positions...
[AUTO-CLOSE] (BTCUSD) Round 1: closing 1 positions...
[OK] (BTCUSD) Auto-closed ticket=1249057017
[ROLLOVER] Pausing (22:00–22:10 UTC).
[ROLLOVER] Pausing (22:00–22:10 UTC).
[ROLLOVER] Pausing (22:00–22:10 UTC).
[OK] (BTCUSD) Placed BUY 0.83 lots @ 118405.00 | SL=118104.70 TP=118930.61
[OK] (BTCUSD) Placed BUY 0.69 lots @ 119142.00 | SL=118808.70 TP=119805.61
[OK] (BTCUSD) Placed BUY 0.63 lots @ 119402.00 | SL=119100.98 TP=120202.04
[OK] (BTCUSD) Placed BUY 0.61 lots @ 118894.00 | SL=118544.91 TP=119662.68
[OK] (BTCUSD) Placed BUY 0.65 lots @ 118741.50 | SL=118419.71 TP=119476.57
[OK] (BTCUSD) Placed BUY 0.77 lots @ 118717.00 | SL=118413.61 TP=119299.79
[OK] (BTCUSD) Placed BUY 0.77 lots @ 118762.50 | SL=118473.39 TP=119360.21
[OK] (BTCUSD) Placed BUY 0.80 lots @ 118801.00 | SL=118506.95 TP=119362.11
[OK] (XAUUSD) Placed BUY 0.90 lots @ 3866.54 | SL=3863.84 TP=3871.39
[OK] (XAUUSD) Placed BUY 0.84 lots @ 3868.54 | SL=3865.65 TP=3873.83
[OK] (XAUUSD) Placed BUY 0.88 lots @ 3868.08 | SL=3865.58 TP=3873.37
[OK] (XAUUSD) Placed BUY 0.78 lots @ 3868.17 | SL=3865.34 TP=3874.13
[OK] (BTCUSD) Placed BUY 1.50 lots @ 118753.50 | SL=118580.41 TP=119041.18
[OK] (BTCUSD) Placed BUY 1.52 lots @ 118753.00 | SL=118593.38 TP=119046.75
[OK] (XAUUSD) Placed BUY 0.51 lots @ 3871.90 | SL=3867.05 TP=3880.65
[OK] (BTCUSD) Placed BUY 1.46 lots @ 118740.00 | SL=118579.52 TP=119053.46
[OK] (XAUUSD) Placed BUY 0.51 lots @ 3873.51 | SL=3868.91 TP=3882.39
[OK] (BTCUSD) Placed BUY 1.50 lots @ 118738.00 | SL=118577.41 TP=119038.18
[OK] (XAUUSD) Placed BUY 0.43 lots @ 3869.67 | SL=3864.28 TP=3880.04
[OK] (XAUUSD) Placed BUY 0.44 lots @ 3869.69 | SL=3864.67 TP=3880.15
[OK] (XAUUSD) Placed BUY 0.44 lots @ 3871.22 | SL=3866.06 TP=3881.47
[OK] (XAUUSD) Placed BUY 0.49 lots @ 3873.22 | SL=3868.56 TP=3882.47
[OK] (BTCUSD) Placed BUY 1.80 lots @ 118704.00 | SL=118571.73 TP=118950.54
[OK] (BTCUSD) Placed BUY 1.93 lots @ 118740.00 | SL=118611.79 TP=118963.43
[OK] (BTCUSD) Placed BUY 1.93 lots @ 118769.00 | SL=118652.75 TP=119006.00
[OK] (BTCUSD) Placed BUY 2.00 lots @ 118815.00 | SL=118698.86 TP=119038.29
[OK] (BTCUSD) Placed BUY 1.53 lots @ 118839.00 | SL=118681.29 TP=119136.43
[OK] (XAUUSD) Placed BUY 0.59 lots @ 3879.88 | SL=3875.74 TP=3887.56
[OK] (BTCUSD) Placed BUY 1.52 lots @ 118833.00 | SL=118671.59 TP=119128.82
[OK] (XAUUSD) Placed BUY 0.56 lots @ 3882.63 | SL=3878.31 TP=3890.89
[OK] (XAUUSD) Placed BUY 0.58 lots @ 3882.68 | SL=3878.34 TP=3890.39
[OK] (BTCUSD) Placed BUY 1.37 lots @ 118855.00 | SL=118673.39 TP=119186.71
[OK] (XAUUSD) Placed BUY 0.57 lots @ 3881.01 | SL=3876.85 TP=3889.21
[OK] (BTCUSD) Placed BUY 1.36 lots @ 118837.00 | SL=118656.41 TP=119171.18
[SESSION] (XAUUSD) Session ended — auto-closing open positions...
[AUTO-CLOSE] (XAUUSD) Round 1: closing 4 positions...
[OK] (XAUUSD) Auto-closed ticket=1249828623
[OK] (XAUUSD) Auto-closed ticket=1249836342
[OK] (XAUUSD) Auto-closed ticket=1249841592
[OK] (XAUUSD) Auto-closed ticket=1249857171
[OK] (BTCUSD) Placed BUY 1.72 lots @ 118772.00 | SL=118624.09 TP=119027.32
[OK] (BTCUSD) Placed BUY 1.75 lots @ 118770.00 | SL=118628.57 TP=119025.86
[OK] (BTCUSD) Placed BUY 1.86 lots @ 118784.00 | SL=118653.89 TP=119027.71
[OK] (BTCUSD) Placed BUY 1.89 lots @ 118790.00 | SL=118661.54 TP=119028.93
[OK] (XAUUSD) Placed BUY 0.68 lots @ 3886.54 | SL=3882.97 TP=3893.22
[OK] (XAUUSD) Placed BUY 0.68 lots @ 3887.75 | SL=3884.48 TP=3894.62
[OK] (XAUUSD) Placed BUY 0.61 lots @ 3889.06 | SL=3886.33 TP=3897.66
[OK] (BTCUSD) Placed BUY 1.52 lots @ 119165.00 | SL=119011.43 TP=119473.64
[OK] (BTCUSD) Placed BUY 1.44 lots @ 119215.00 | SL=119032.12 TP=119519.25
[OK] (XAUUSD) Placed BUY 0.48 lots @ 3885.38 | SL=3880.29 TP=3894.93
[OK] (XAUUSD) Placed BUY 0.46 lots @ 3886.37 | SL=3881.47 TP=3896.80
[OK] (BTCUSD) Placed BUY 1.27 lots @ 119335.00 | SL=119132.61 TP=119685.79
[OK] (XAUUSD) Placed BUY 0.44 lots @ 3885.93 | SL=3879.12 TP=3895.31
[OK] (XAUUSD) Placed BUY 0.40 lots @ 3889.99 | SL=3883.90 TP=3901.39
[OK] (XAUUSD) Placed BUY 0.40 lots @ 3888.68 | SL=3883.15 TP=3900.58
[OK] (BTCUSD) Placed BUY 0.96 lots @ 119271.00 | SL=119049.21 TP=119777.57
[OK] (BTCUSD) Placed BUY 0.93 lots @ 119369.00 | SL=119096.30 TP=119858.89
[OK] (BTCUSD) Placed BUY 0.91 lots @ 119307.00 | SL=119119.43 TP=119892.14
[OK] (BTCUSD) Placed BUY 0.84 lots @ 119660.00 | SL=119380.57 TP=120214.36
[OK] (BTCUSD) Placed BUY 0.81 lots @ 119664.00 | SL=119384.02 TP=120258.46
[OK] (BTCUSD) Placed BUY 0.64 lots @ 119644.00 | SL=119265.36 TP=120369.79
[OK] (BTCUSD) Placed BUY 0.63 lots @ 119726.00 | SL=119350.02 TP=120480.96
[OK] (BTCUSD) Placed BUY 0.63 lots @ 119824.00 | SL=119433.89 TP=120550.21
[OK] (XAUUSD) Placed SELL 0.22 lots @ 3844.68 | SL=3855.64 TP=3823.06
[OK] (XAUUSD) Placed SELL 0.18 lots @ 3836.10 | SL=3849.37 TP=3809.04
[OK] (BTCUSD) Placed BUY 0.53 lots @ 119533.00 | SL=119064.59 TP=120390.32
[OK] (BTCUSD) Placed BUY 0.54 lots @ 119516.50 | SL=119089.66 TP=120407.68
[OK] (XAUUSD) Placed SELL 0.17 lots @ 3828.68 | SL=3842.45 TP=3801.36
[OK] (XAUUSD) Placed SELL 0.17 lots @ 3823.18 | SL=3837.13 TP=3794.74
[OK] (BTCUSD) Placed BUY 0.56 lots @ 119742.00 | SL=119311.30 TP=120582.39
[OK] (XAUUSD) Placed SELL 0.18 lots @ 3833.45 | SL=3847.03 TP=3806.84
[OK] (BTCUSD) Placed BUY 0.57 lots @ 119759.00 | SL=119314.48 TP=120550.54
[OK] (BTCUSD) Placed BUY 0.61 lots @ 120227.00 | SL=119826.55 TP=121000.89
[SESSION] (XAUUSD) Session ended — auto-closing open positions...
[AUTO-CLOSE] (XAUUSD) Round 1: closing 2 positions...
[OK] (XAUUSD) Auto-closed ticket=1250466321
[OK] (XAUUSD) Auto-closed ticket=1250568801
[OK] (BTCUSD) Placed BUY 0.75 lots @ 119887.00 | SL=119583.07 TP=120524.86
[OK] (BTCUSD) Placed BUY 0.78 lots @ 119674.00 | SL=119357.91 TP=120255.18
[OK] (BTCUSD) Placed BUY 0.76 lots @ 120199.00 | SL=119911.54 TP=120836.93
[OK] (BTCUSD) Placed BUY 0.82 lots @ 120500.00 | SL=120203.62 TP=121082.25
[OK] (BTCUSD) Placed BUY 0.79 lots @ 120643.00 | SL=120319.61 TP=121223.79
[OK] (BTCUSD) Placed BUY 0.77 lots @ 120986.00 | SL=120666.12 TP=121612.25
[OK] (BTCUSD) Placed BUY 0.78 lots @ 121031.00 | SL=120684.96 TP=121618.07
[OK] (BTCUSD) Placed BUY 0.75 lots @ 120866.00 | SL=120535.91 TP=121505.18
[SESSION] (BTCUSD) Session ended — auto-closing open positions...
[AUTO-CLOSE] (BTCUSD) Round 1: closing 2 positions...
[OK] (BTCUSD) Auto-closed ticket=1250841249
[OK] (BTCUSD) Auto-closed ticket=1250893868
[ROLLOVER] Pausing (22:00–22:10 UTC).
[ROLLOVER] Pausing (22:00–22:10 UTC).
[ROLLOVER] Pausing (22:00–22:10 UTC).
[OK] (BTCUSD) Placed BUY 1.16 lots @ 120721.00 | SL=120504.84 TP=121126.32
[OK] (BTCUSD) Placed BUY 1.07 lots @ 120666.00 | SL=120417.04 TP=121090.43
[OK] (BTCUSD) Placed BUY 1.03 lots @ 120643.00 | SL=120403.93 TP=121100.14
[OK] (BTCUSD) Placed BUY 1.31 lots @ 120490.00 | SL=120300.70 TP=120847.61
[OK] (BTCUSD) Placed BUY 1.25 lots @ 120490.00 | SL=120292.82 TP=120863.36
[OK] (BTCUSD) Placed BUY 1.24 lots @ 120456.00 | SL=120256.38 TP=120831.25
[OK] (BTCUSD) Placed BUY 1.51 lots @ 120373.00 | SL=120207.39 TP=120680.21
[OK] (XAUUSD) Placed SELL 0.70 lots @ 3844.19 | SL=3847.46 TP=3837.37
[OK] (XAUUSD) Placed SELL 0.69 lots @ 3844.92 | SL=3848.20 TP=3838.00
[OK] (XAUUSD) Placed BUY 0.54 lots @ 3856.08 | SL=3852.07 TP=3865.11
[OK] (XAUUSD) Placed BUY 0.45 lots @ 3858.57 | SL=3853.18 TP=3868.90
[OK] (XAUUSD) Placed BUY 0.45 lots @ 3859.39 | SL=3854.22 TP=3869.71
[OK] (XAUUSD) Placed BUY 0.54 lots @ 3860.60 | SL=3856.45 TP=3869.54
[OK] (XAUUSD) Placed BUY 0.51 lots @ 3858.40 | SL=3853.82 TP=3867.59
[OK] (XAUUSD) Placed BUY 0.52 lots @ 3859.94 | SL=3854.79 TP=3868.21
[OK] (BTCUSD) Placed BUY 1.04 lots @ 120432.00 | SL=120174.41 TP=120851.18
[OK] (BTCUSD) Placed BUY 1.14 lots @ 120448.00 | SL=120196.84 TP=120813.82
[OK] (BTCUSD) Placed BUY 1.30 lots @ 120406.00 | SL=120224.75 TP=120762.50
[OK] (BTCUSD) Placed BUY 1.34 lots @ 120437.00 | SL=120262.20 TP=120786.61
[OK] (XAUUSD) Placed BUY 0.77 lots @ 3866.05 | SL=3862.45 TP=3871.58
[SESSION] (XAUUSD) Session ended — auto-closing open positions...
[AUTO-CLOSE] (XAUUSD) Round 1: closing 4 positions...
[OK] (XAUUSD) Auto-closed ticket=1251344266
[OK] (XAUUSD) Auto-closed ticket=1251349300
[OK] (XAUUSD) Auto-closed ticket=1251391826
[OK] (XAUUSD) Auto-closed ticket=1251629990
[OK] (BTCUSD) Placed BUY 1.42 lots @ 120455.00 | SL=120272.23 TP=120772.54
[OK] (BTCUSD) Placed BUY 1.44 lots @ 120466.00 | SL=120293.80 TP=120786.39
[OK] (XAUUSD) Placed BUY 0.47 lots @ 3863.31 | SL=3858.51 TP=3873.53
[OK] (XAUUSD) Placed BUY 0.48 lots @ 3864.66 | SL=3859.31 TP=3874.21
[OK] (XAUUSD) Placed BUY 0.46 lots @ 3863.23 | SL=3858.41 TP=3873.82
[OK] (XAUUSD) Placed BUY 0.48 lots @ 3863.48 | SL=3858.88 TP=3873.51
[OK] (BTCUSD) Placed BUY 1.31 lots @ 120347.00 | SL=120192.05 TP=120731.89
[OK] (BTCUSD) Placed BUY 1.32 lots @ 120409.50 | SL=120227.71 TP=120762.57
[OK] (XAUUSD) Placed BUY 0.44 lots @ 3877.20 | SL=3871.82 TP=3888.15
[OK] (XAUUSD) Placed BUY 0.36 lots @ 3883.29 | SL=3877.00 TP=3897.27
[OK] (BTCUSD) Placed BUY 0.99 lots @ 120567.00 | SL=120331.75 TP=121067.50
[OK] (BTCUSD) Placed BUY 0.92 lots @ 120629.00 | SL=120334.77 TP=121130.46
[OK] (XAUUSD) Placed BUY 0.32 lots @ 3883.82 | SL=3876.64 TP=3899.66
[OK] (BTCUSD) Placed BUY 0.88 lots @ 120530.50 | SL=120260.89 TP=121089.21
[OK] (XAUUSD) Placed BUY 0.31 lots @ 3884.92 | SL=3875.10 TP=3898.45
[OK] (BTCUSD) Placed BUY 0.81 lots @ 120526.00 | SL=120225.93 TP=121120.14
[OK] (XAUUSD) Placed BUY 0.23 lots @ 3879.15 | SL=3868.53 TP=3900.28
[OK] (BTCUSD) Placed BUY 0.62 lots @ 120555.00 | SL=120166.57 TP=121333.36
[OK] (BTCUSD) Placed BUY 0.61 lots @ 120521.00 | SL=120138.11 TP=121316.79
[OK] (BTCUSD) Placed BUY 0.57 lots @ 120789.00 | SL=120367.64 TP=121616.71
[OK] (BTCUSD) Placed BUY 0.60 lots @ 120797.00 | SL=120374.38 TP=121570.25
[OK] (XAUUSD) Placed BUY 0.23 lots @ 3880.78 | SL=3870.26 TP=3900.87
[OK] (XAUUSD) Placed BUY 0.25 lots @ 3880.08 | SL=3870.25 TP=3899.00
[OK] (XAUUSD) Placed BUY 0.25 lots @ 3879.53 | SL=3869.42 TP=3897.96
[OK] (BTCUSD) Placed BUY 0.59 lots @ 121449.00 | SL=120979.50 TP=122199.00
[OK] (BTCUSD) Placed BUY 0.60 lots @ 121497.00 | SL=121114.70 TP=122327.61
[SESSION] (XAUUSD) Session ended — auto-closing open positions...
[AUTO-CLOSE] (XAUUSD) Round 1: closing 4 positions...
[OK] (XAUUSD) Auto-closed ticket=1252100537
[OK] (XAUUSD) Auto-closed ticket=1252149953
[OK] (XAUUSD) Auto-closed ticket=1252172239
[OK] (XAUUSD) Auto-closed ticket=1252185284
[OK] (BTCUSD) Placed BUY 0.33 lots @ 123063.50 | SL=122323.54 TP=124567.43
[OK] (BTCUSD) Placed BUY 0.33 lots @ 123040.00 | SL=122289.02 TP=124535.96
[OK] (BTCUSD) Placed BUY 0.37 lots @ 122383.50 | SL=121692.05 TP=123707.89
[OK] (BTCUSD) Placed BUY 0.37 lots @ 122635.00 | SL=121930.84 TP=123929.32
[OK] (BTCUSD) Placed BUY 0.40 lots @ 122650.50 | SL=121973.09 TP=123802.82
[OK] (BTCUSD) Placed BUY 0.41 lots @ 122812.00 | SL=122191.00 TP=124000.00
[SESSION] (BTCUSD) Session ended — auto-closing open positions...
[AUTO-CLOSE] (BTCUSD) Round 1: closing 4 positions...
[OK] (BTCUSD) Auto-closed ticket=1252528316
[OK] (BTCUSD) Auto-closed ticket=1252535695
[OK] (BTCUSD) Auto-closed ticket=1252542169
[OK] (BTCUSD) Auto-closed ticket=1252558257
[ROLLOVER] Pausing (22:00–22:10 UTC).
[ROLLOVER] Pausing (22:00–22:10 UTC).
[ROLLOVER] Pausing (22:00–22:10 UTC).
[ERROR] (XAUUSD) Order failed: retcode=10018 comment=Market closed
[SESSION] (XAUUSD) Session ended — auto-closing open positions...
[SESSION] (XAUUSD) Session ended — auto-closing open positions...
[SESSION] (BTCUSD) Session ended — auto-closing open positions...
[ROLLOVER] Pausing (22:00–22:10 UTC).
[ROLLOVER] Pausing (22:00–22:10 UTC).
[ROLLOVER] Pausing (22:00–22:10 UTC).
[SESSION] (XAUUSD) Session ended — auto-closing open positions...
[SESSION] (XAUUSD) Session ended — auto-closing open positions...
[SESSION] (BTCUSD) Session ended — auto-closing open positions...
[ROLLOVER] Pausing (22:00–22:10 UTC).
[ROLLOVER] Pausing (22:00–22:10 UTC).
[ROLLOVER] Pausing (22:00–22:10 UTC).
[OK] (BTCUSD) Placed BUY 1.48 lots @ 123561.00 | SL=123404.45 TP=123904.11
[OK] (BTCUSD) Placed BUY 1.79 lots @ 123562.00 | SL=123430.39 TP=123844.71
[OK] (BTCUSD) Placed BUY 1.73 lots @ 123559.00 | SL=123389.73 TP=123818.04
[OK] (BTCUSD) Placed BUY 1.47 lots @ 123733.00 | SL=123398.34 TP=123898.32
[OK] (BTCUSD) Placed BUY 1.02 lots @ 124429.50 | SL=124134.36 TP=124856.29
[OK] (BTCUSD) Placed BUY 0.82 lots @ 123977.00 | SL=123688.04 TP=124586.43
[OK] (BTCUSD) Placed BUY 0.70 lots @ 123792.50 | SL=123484.00 TP=124537.00
[OK] (BTCUSD) Placed BUY 0.62 lots @ 123801.00 | SL=123359.09 TP=124531.82
[OK] (BTCUSD) Placed BUY 0.45 lots @ 123616.00 | SL=123065.46 TP=124696.07
[OK] (BTCUSD) Placed BUY 0.44 lots @ 123945.00 | SL=123387.84 TP=125044.32
[OK] (BTCUSD) Placed BUY 0.50 lots @ 123989.50 | SL=123408.50 TP=124862.00
[OK] (BTCUSD) Placed BUY 0.56 lots @ 124032.00 | SL=123588.11 TP=124883.79
[OK] (BTCUSD) Placed BUY 0.76 lots @ 123920.50 | SL=123562.38 TP=124524.25
[OK] (XAUUSD) Placed BUY 0.49 lots @ 3938.53 | SL=3933.98 TP=3948.70
[OK] (XAUUSD) Placed BUY 0.45 lots @ 3944.60 | SL=3939.40 TP=3955.38
[OK] (XAUUSD) Placed BUY 0.37 lots @ 3937.17 | SL=3930.46 TP=3950.07
[OK] (BTCUSD) Placed BUY 1.05 lots @ 123760.00 | SL=123526.55 TP=124210.39
[OK] (BTCUSD) Placed BUY 1.05 lots @ 123939.50 | SL=123668.14 TP=124350.21
[OK] (BTCUSD) Placed BUY 1.04 lots @ 123997.50 | SL=123764.61 TP=124452.79
[OK] (XAUUSD) Placed BUY 0.38 lots @ 3933.22 | SL=3926.69 TP=3945.73
[OK] (XAUUSD) Placed BUY 0.38 lots @ 3932.15 | SL=3926.07 TP=3944.77
[OK] (BTCUSD) Placed BUY 0.99 lots @ 123970.00 | SL=123734.55 TP=124458.89
[OK] (XAUUSD) Placed BUY 0.39 lots @ 3934.93 | SL=3928.18 TP=3946.71
[OK] (XAUUSD) Placed BUY 0.44 lots @ 3933.49 | SL=3928.02 TP=3944.23
[OK] (BTCUSD) Placed BUY 1.15 lots @ 123839.00 | SL=123595.93 TP=124229.14
[OK] (XAUUSD) Placed BUY 0.35 lots @ 3945.33 | SL=3938.47 TP=3959.33
[OK] (BTCUSD) Placed BUY 1.25 lots @ 123865.50 | SL=123646.46 TP=124228.57
[OK] (XAUUSD) Placed BUY 0.37 lots @ 3942.20 | SL=3936.15 TP=3955.53
[OK] (XAUUSD) Placed BUY 0.39 lots @ 3943.09 | SL=3936.90 TP=3955.45
[OK] (BTCUSD) Placed BUY 1.19 lots @ 124032.00 | SL=123833.21 TP=124444.57
[OK] (XAUUSD) Placed BUY 0.40 lots @ 3944.15 | SL=3937.77 TP=3955.84
[OK] (XAUUSD) Placed BUY 0.47 lots @ 3941.75 | SL=3936.41 TP=3951.84
[OK] (BTCUSD) Placed BUY 1.33 lots @ 123969.00 | SL=123782.09 TP=124324.82
[OK] (XAUUSD) Placed BUY 0.48 lots @ 3942.61 | SL=3937.54 TP=3952.41
[OK] (XAUUSD) Placed BUY 0.44 lots @ 3940.37 | SL=3934.93 TP=3951.08
[OK] (XAUUSD) Placed BUY 0.44 lots @ 3941.89 | SL=3936.15 TP=3952.26
[OK] (XAUUSD) Placed BUY 0.45 lots @ 3943.70 | SL=3938.35 TP=3954.04
[OK] (XAUUSD) Placed BUY 0.45 lots @ 3946.42 | SL=3941.32 TP=3957.13
[SESSION] (XAUUSD) Session ended — auto-closing open positions...
[AUTO-CLOSE] (XAUUSD) Round 1: closing 4 positions...
[OK] (XAUUSD) Auto-closed ticket=1254146404
[OK] (XAUUSD) Auto-closed ticket=1254159617
[OK] (XAUUSD) Auto-closed ticket=1254165087
[OK] (XAUUSD) Auto-closed ticket=1254169672
[OK] (BTCUSD) Placed BUY 1.44 lots @ 124006.00 | SL=123827.91 TP=124320.18
[OK] (BTCUSD) Placed BUY 1.14 lots @ 124466.50 | SL=124179.84 TP=124810.32
[OK] (BTCUSD) Placed BUY 0.99 lots @ 124208.00 | SL=123958.30 TP=124684.89
[OK] (BTCUSD) Placed BUY 0.93 lots @ 124356.50 | SL=124072.16 TP=124845.68
[OK] (BTCUSD) Placed BUY 0.79 lots @ 124474.00 | SL=124120.71 TP=125029.07
[OK] (BTCUSD) Placed BUY 0.75 lots @ 124497.00 | SL=124171.43 TP=125133.14
[EXCEPTION] AttributeError 'NoneType' object has no attribute 'balance'
[EXCEPTION] AttributeError 'NoneType' object has no attribute 'balance'
[EXCEPTION] AttributeError 'NoneType' object has no attribute 'balance'
[EXCEPTION] AttributeError 'NoneType' object has no attribute 'balance'
[EXCEPTION] AttributeError 'NoneType' object has no attribute 'balance'
[EXCEPTION] AttributeError 'NoneType' object has no attribute 'balance'
[EXCEPTION] AttributeError 'NoneType' object has no attribute 'balance'
[EXCEPTION] AttributeError 'NoneType' object has no attribute 'balance'
[EXCEPTION] AttributeError 'NoneType' object has no attribute 'balance'
[EXCEPTION] AttributeError 'NoneType' object has no attribute 'balance'
[EXCEPTION] AttributeError 'NoneType' object has no attribute 'balance'
[EXCEPTION] AttributeError 'NoneType' object has no attribute 'balance'
[EXCEPTION] AttributeError 'NoneType' object has no attribute 'balance'
[EXCEPTION] AttributeError 'NoneType' object has no attribute 'balance'
[EXCEPTION] AttributeError 'NoneType' object has no attribute 'balance'
[EXCEPTION] AttributeError 'NoneType' object has no attribute 'balance'
[EXCEPTION] AttributeError 'NoneType' object has no attribute 'balance'
[EXCEPTION] AttributeError 'NoneType' object has no attribute 'balance'
[EXCEPTION] AttributeError 'NoneType' object has no attribute 'balance'
[EXCEPTION] AttributeError 'NoneType' object has no attribute 'balance'
[EXCEPTION] AttributeError 'NoneType' object has no attribute 'balance'
[EXCEPTION] AttributeError 'NoneType' object has no attribute 'balance'
[EXCEPTION] AttributeError 'NoneType' object has no attribute 'balance'
[EXCEPTION] AttributeError 'NoneType' object has no attribute 'balance'
[EXCEPTION] AttributeError 'NoneType' object has no attribute 'balance'
[EXCEPTION] AttributeError 'NoneType' object has no attribute 'balance'
[EXCEPTION] AttributeError 'NoneType' object has no attribute 'balance'
[SESSION] (XAUUSD) Session ended — auto-closing open positions...
[EXCEPTION] AttributeError 'NoneType' object has no attribute 'balance'
[EXCEPTION] AttributeError 'NoneType' object has no attribute 'balance'
[EXCEPTION] AttributeError 'NoneType' object has no attribute 'balance'
[EXCEPTION] AttributeError 'NoneType' object has no attribute 'balance'
[EXCEPTION] AttributeError 'NoneType' object has no attribute 'balance'
[EXCEPTION] AttributeError 'NoneType' object has no attribute 'balance'
[EXCEPTION] AttributeError 'NoneType' object has no attribute 'balance'
[EXCEPTION] AttributeError 'NoneType' object has no attribute 'balance'
[EXCEPTION] AttributeError 'NoneType' object has no attribute 'balance'
[EXCEPTION] AttributeError 'NoneType' object has no attribute 'balance'
[EXCEPTION] AttributeError 'NoneType' object has no attribute 'balance'
[EXCEPTION] AttributeError 'NoneType' object has no attribute 'balance'
[EXCEPTION] AttributeError 'NoneType' object has no attribute 'balance'
[EXCEPTION] AttributeError 'NoneType' object has no attribute 'balance'
[SESSION] (BTCUSD) Session ended — auto-closing open positions...
[ROLLOVER] Pausing (22:00–22:10 UTC).
[ROLLOVER] Pausing (22:00–22:10 UTC).
[ROLLOVER] Pausing (22:00–22:10 UTC).
[EXCEPTION] AttributeError 'NoneType' object has no attribute 'balance'
[EXCEPTION] AttributeError 'NoneType' object has no attribute 'balance'
[EXCEPTION] AttributeError 'NoneType' object has no attribute 'balance'
[EXCEPTION] AttributeError 'NoneType' object has no attribute 'balance'
[EXCEPTION] AttributeError 'NoneType' object has no attribute 'balance'
[EXCEPTION] AttributeError 'NoneType' object has no attribute 'balance'
[EXCEPTION] AttributeError 'NoneType' object has no attribute 'balance'
[EXCEPTION] AttributeError 'NoneType' object has no attribute 'balance'
[EXCEPTION] AttributeError 'NoneType' object has no attribute 'balance'
[EXCEPTION] AttributeError 'NoneType' object has no attribute 'balance'
[EXCEPTION] AttributeError 'NoneType' object has no attribute 'balance'
[EXCEPTION] AttributeError 'NoneType' object has no attribute 'balance'
[EXCEPTION] AttributeError 'NoneType' object has no attribute 'balance'
[EXCEPTION] AttributeError 'NoneType' object has no attribute 'balance'
[SESSION] (XAUUSD) Session ended — auto-closing open positions...
[EXCEPTION] AttributeError 'NoneType' object has no attribute 'balance'
[EXCEPTION] AttributeError 'NoneType' object has no attribute 'balance'
[EXCEPTION] AttributeError 'NoneType' object has no attribute 'balance'
[EXCEPTION] AttributeError 'NoneType' object has no attribute 'balance'
[EXCEPTION] AttributeError 'NoneType' object has no attribute 'balance'
[EXCEPTION] AttributeError 'NoneType' object has no attribute 'balance'
[EXCEPTION] AttributeError 'NoneType' object has no attribute 'balance'
[EXCEPTION] AttributeError 'NoneType' object has no attribute 'balance'
[EXCEPTION] AttributeError 'NoneType' object has no attribute 'balance'
[EXCEPTION] AttributeError 'NoneType' object has no attribute 'balance'
[EXCEPTION] AttributeError 'NoneType' object has no attribute 'balance'
[EXCEPTION] AttributeError 'NoneType' object has no attribute 'balance'
[EXCEPTION] AttributeError 'NoneType' object has no attribute 'balance'
[EXCEPTION] AttributeError 'NoneType' object has no attribute 'balance'
[BOOT] MT5 path exists? True
[BOOT] Assets: XAU(XAUUSD/XAU_USD), BTC(BTCUSD/BTC_USD)

[MT5] Connected: 52474888 | Balance: $98038.79

[MT5] XAUUSD lot: min=0.01, max=100.0, step=0.01, contract_size=100.0, digits=2
[MT5] BTCUSD lot: min=0.01, max=10.0, step=0.01, contract_size=1.0, digits=2
[RUN] Multi-asset EMA+VWAP scalper started.
[OK] (BTCUSD) Placed BUY 1.42 lots @ 124588.50 | SL=124411.98 TP=124928.04
[OK] (XAUUSD) Placed BUY 0.40 lots @ 3970.73 | SL=3964.73 TP=3982.89
[OK] (BTCUSD) Placed BUY 1.37 lots @ 124683.50 | SL=124504.50 TP=125040.00
[OK] (XAUUSD) Placed BUY 0.39 lots @ 3973.65 | SL=3967.19 TP=3985.89
[OK] (BTCUSD) Placed BUY 1.39 lots @ 124723.00 | SL=124534.43 TP=125064.14
[OK] (XAUUSD) Placed BUY 0.42 lots @ 3974.64 | SL=3969.09 TP=3986.48
[OK] (BTCUSD) Placed BUY 1.30 lots @ 125025.00 | SL=124824.52 TP=125392.96
[OK] (BTCUSD) Placed BUY 1.29 lots @ 125085.00 | SL=124853.77 TP=125433.46
[OK] (XAUUSD) Placed BUY 0.37 lots @ 3982.63 | SL=3976.19 TP=3996.26
[OK] (BTCUSD) Placed BUY 1.02 lots @ 124893.00 | SL=124664.68 TP=125394.64
[OK] (XAUUSD) Placed BUY 0.33 lots @ 3980.00 | SL=3972.06 TP=3994.42
[OK] (XAUUSD) Placed BUY 0.33 lots @ 3979.21 | SL=3971.55 TP=3994.30
[OK] (XAUUSD) Placed BUY 0.27 lots @ 3977.05 | SL=3967.92 TP=3994.72
[OK] (XAUUSD) Placed BUY 0.27 lots @ 3978.15 | SL=3969.04 TP=3996.75
[OK] (BTCUSD) Placed SELL 0.42 lots @ 123014.50 | SL=123589.84 TP=121830.82
[OK] (XAUUSD) Placed BUY 0.27 lots @ 3983.14 | SL=3974.19 TP=4001.53
[OK] (XAUUSD) Placed BUY 0.26 lots @ 3982.54 | SL=3973.22 TP=4001.23
[OK] (BTCUSD) Placed SELL 0.46 lots @ 122760.50 | SL=123317.36 TP=121699.29
[OK] (BTCUSD) Placed SELL 0.43 lots @ 121808.00 | SL=122426.86 TP=120678.29
[OK] (BTCUSD) Placed SELL 0.43 lots @ 121947.00 | SL=122603.00 TP=120875.00
[OK] (BTCUSD) Placed SELL 0.44 lots @ 122134.00 | SL=122720.79 TP=121047.43
[OK] (BTCUSD) Placed SELL 0.45 lots @ 122005.00 | SL=122511.12 TP=120860.75
[OK] (BTCUSD) Placed SELL 0.43 lots @ 121520.50 | SL=122198.48 TP=120469.04
[OK] (BTCUSD) Placed SELL 0.44 lots @ 121125.00 | SL=121641.36 TP=119955.79
[SESSION] (XAUUSD) Session ended — auto-closing open positions...
[OK] (BTCUSD) Placed SELL 0.52 lots @ 121774.00 | SL=122243.11 TP=120811.79
[OK] (BTCUSD) Placed SELL 0.70 lots @ 120901.00 | SL=121256.55 TP=120185.39
[OK] (BTCUSD) Placed SELL 0.71 lots @ 120920.00 | SL=121305.18 TP=120248.64
[SESSION] (BTCUSD) Session ended — auto-closing open positions...
[AUTO-CLOSE] (BTCUSD) Round 1: closing 1 positions...
[OK] (BTCUSD) Auto-closed ticket=1256449944
[ROLLOVER] Pausing (22:00–22:10 UTC).
[ROLLOVER] Pausing (22:00–22:10 UTC).
[ROLLOVER] Pausing (22:00–22:10 UTC).
[OK] (BTCUSD) Placed SELL 1.17 lots @ 121540.00 | SL=121749.88 TP=121114.25
[OK] (BTCUSD) Placed SELL 1.17 lots @ 121357.00 | SL=121635.16 TP=120995.68
[OK] (BTCUSD) Placed SELL 0.93 lots @ 121545.00 | SL=121814.80 TP=121011.39
[OK] (BTCUSD) Placed SELL 0.90 lots @ 121663.50 | SL=121939.61 TP=121115.79
[OK] (BTCUSD) Placed SELL 0.84 lots @ 121434.00 | SL=121718.39 TP=120836.71
[OK] (BTCUSD) Placed SELL 1.07 lots @ 121633.00 | SL=121871.46 TP=121180.07
[OK] (BTCUSD) Placed SELL 1.07 lots @ 121500.00 | SL=121746.64 TP=121060.71
[OK] (BTCUSD) Placed SELL 1.03 lots @ 121468.50 | SL=121683.09 TP=120965.82
[OK] (BTCUSD) Placed SELL 0.94 lots @ 121324.00 | SL=121587.00 TP=120799.50
[OK] (BTCUSD) Placed SELL 0.90 lots @ 121456.00 | SL=121731.14 TP=120905.71
[OK] (BTCUSD) Placed SELL 0.88 lots @ 121582.00 | SL=121891.91 TP=121061.18
[OK] (BTCUSD) Placed SELL 0.93 lots @ 121453.00 | SL=121741.98 TP=120953.04
[OK] (BTCUSD) Placed SELL 0.97 lots @ 121493.00 | SL=121745.82 TP=120993.36
[OK] (XAUUSD) Placed BUY 0.45 lots @ 4031.97 | SL=4027.09 TP=4043.40
[OK] (BTCUSD) Placed SELL 0.98 lots @ 121264.50 | SL=121507.16 TP=120759.68
[OK] (XAUUSD) Placed BUY 0.43 lots @ 4032.49 | SL=4026.82 TP=4043.76
[OK] (XAUUSD) Placed BUY 0.36 lots @ 4028.41 | SL=4021.62 TP=4041.83
[OK] (XAUUSD) Placed BUY 0.36 lots @ 4030.85 | SL=4023.95 TP=4044.44
[OK] (XAUUSD) Placed BUY 0.36 lots @ 4030.67 | SL=4024.25 TP=4044.32
[OK] (XAUUSD) Placed BUY 0.36 lots @ 4032.62 | SL=4025.85 TP=4046.09
[OK] (BTCUSD) Placed SELL 1.09 lots @ 121402.00 | SL=121673.27 TP=121010.96
[OK] (BTCUSD) Placed SELL 1.04 lots @ 121488.00 | SL=121762.14 TP=121071.71
[OK] (BTCUSD) Placed SELL 1.05 lots @ 121441.00 | SL=121673.18 TP=120985.64
[BOOT] MT5 path exists? True
[BOOT] Assets: XAU(XAUUSD/XAU_USD), BTC(BTCUSD/BTC_USD)

[MT5] Connected: 52474888 | Balance: $95365.77

[MT5] XAUUSD lot: min=0.01, max=100.0, step=0.01, contract_size=100.0, digits=2
[MT5] BTCUSD lot: min=0.01, max=10.0, step=0.01, contract_size=1.0, digits=2
[RUN] Multi-asset EMA+VWAP scalper started.
[OK] (XAUUSD) Placed BUY 0.49 lots @ 4044.01 | SL=4038.53 TP=4053.49
[OK] (XAUUSD) Placed BUY 0.46 lots @ 4046.87 | SL=4041.24 TP=4057.00
[SESSION] (XAUUSD) Session ended — auto-closing open positions...
[OK] (XAUUSD) Placed BUY 0.52 lots @ 4042.26 | SL=4037.72 TP=4051.80
[OK] (XAUUSD) Placed BUY 0.48 lots @ 4046.37 | SL=4041.16 TP=4056.31
[OK] (XAUUSD) Placed BUY 0.36 lots @ 4039.74 | SL=4033.59 TP=4053.56
[OK] (XAUUSD) Placed BUY 0.35 lots @ 4043.66 | SL=4036.55 TP=4057.30
[OK] (XAUUSD) Placed BUY 0.34 lots @ 4046.14 | SL=4039.02 TP=4060.24
[OK] (BTCUSD) Placed SELL 0.93 lots @ 122523.50 | SL=122779.30 TP=122007.39
[OK] (BTCUSD) Placed SELL 0.90 lots @ 122579.50 | SL=122850.18 TP=122054.64
[OK] (BTCUSD) Placed SELL 0.84 lots @ 122421.00 | SL=122713.27 TP=121857.46
[OK] (BTCUSD) Placed SELL 0.71 lots @ 121878.50 | SL=122270.91 TP=121242.18
[OK] (BTCUSD) Placed SELL 0.62 lots @ 122202.00 | SL=122604.68 TP=121431.14
[OK] (XAUUSD) Placed BUY 0.28 lots @ 4039.20 | SL=4031.31 TP=4057.27
[OK] (XAUUSD) Placed BUY 0.27 lots @ 4042.88 | SL=4033.81 TP=4060.14
[OK] (XAUUSD) Placed BUY 0.28 lots @ 4042.95 | SL=4033.94 TP=4060.12
[OK] (XAUUSD) Placed BUY 0.26 lots @ 4044.51 | SL=4035.40 TP=4063.31
[OK] (BTCUSD) Placed SELL 0.41 lots @ 122355.00 | SL=122988.66 TP=121228.68
[OK] (BTCUSD) Placed SELL 0.43 lots @ 122280.50 | SL=122904.45 TP=121244.11
[OK] (BTCUSD) Placed SELL 0.55 lots @ 122344.50 | SL=122840.52 TP=121518.96
[OK] (BTCUSD) Placed SELL 0.61 lots @ 122340.00 | SL=122723.98 TP=121534.54
[SESSION] (XAUUSD) Session ended — auto-closing open positions...
[AUTO-CLOSE] (XAUUSD) Round 1: closing 3 positions...
[OK] (XAUUSD) Auto-closed ticket=1257997160
[OK] (XAUUSD) Auto-closed ticket=1258007447
[OK] (XAUUSD) Auto-closed ticket=1258030918
[OK] (BTCUSD) Placed BUY 0.72 lots @ 123711.00 | SL=123379.11 TP=124386.79
[OK] (BTCUSD) Placed BUY 0.65 lots @ 124074.00 | SL=123701.25 TP=124810.50
[OK] (BTCUSD) Placed BUY 0.63 lots @ 124010.00 | SL=123585.98 TP=124732.04
[OK] (BTCUSD) Placed BUY 0.62 lots @ 123889.00 | SL=123526.52 TP=124706.96
[OK] (BTCUSD) Placed BUY 0.71 lots @ 123800.00 | SL=123457.86 TP=124472.29
[OK] (BTCUSD) Placed BUY 0.71 lots @ 123837.00 | SL=123494.89 TP=124507.71
[OK] (BTCUSD) Placed BUY 0.67 lots @ 123610.00 | SL=123208.23 TP=124275.54
[OK] (BTCUSD) Placed BUY 0.68 lots @ 123681.00 | SL=123312.48 TP=124359.54
[SESSION] (BTCUSD) Session ended — auto-closing open positions...
[AUTO-CLOSE] (BTCUSD) Round 1: closing 2 positions...
[OK] (BTCUSD) Auto-closed ticket=1258515433
[OK] (BTCUSD) Auto-closed ticket=1258522609
[ROLLOVER] Pausing (22:00–22:10 UTC).
[ROLLOVER] Pausing (22:00–22:10 UTC).
[ROLLOVER] Pausing (22:00–22:10 UTC).
[OK] (BTCUSD) Placed BUY 1.74 lots @ 123544.00 | SL=123405.57 TP=123816.36
[OK] (BTCUSD) Placed SELL 1.28 lots @ 123111.50 | SL=123272.30 TP=122716.39
[OK] (BTCUSD) Placed SELL 1.19 lots @ 123224.00 | SL=123427.80 TP=122831.39
[OK] (BTCUSD) Placed SELL 1.21 lots @ 123132.00 | SL=123309.27 TP=122723.46
[OK] (BTCUSD) Placed SELL 1.19 lots @ 122982.00 | SL=123187.00 TP=122588.50
[OK] (BTCUSD) Placed SELL 1.15 lots @ 123036.00 | SL=123267.55 TP=122650.89
[OK] (BTCUSD) Placed SELL 0.95 lots @ 122692.00 | SL=122972.11 TP=122215.79
[OK] (BTCUSD) Placed SELL 0.90 lots @ 122672.00 | SL=122946.89 TP=122141.71
[OK] (BTCUSD) Placed SELL 0.90 lots @ 122450.00 | SL=122761.55 TP=121955.89
[OK] (BTCUSD) Placed SELL 0.93 lots @ 122329.00 | SL=122595.86 TP=121819.29
[OK] (BTCUSD) Placed SELL 0.91 lots @ 122265.00 | SL=122531.62 TP=121731.75
[OK] (BTCUSD) Placed SELL 0.90 lots @ 122044.00 | SL=122320.55 TP=121510.39
[OK] (BTCUSD) Placed SELL 0.98 lots @ 121897.50 | SL=122173.66 TP=121421.68
[OK] (BTCUSD) Placed SELL 0.80 lots @ 121847.00 | SL=122161.91 TP=121232.18
[OK] (BTCUSD) Placed SELL 0.88 lots @ 121925.00 | SL=122221.55 TP=121375.39
[OK] (BTCUSD) Placed SELL 1.12 lots @ 121944.00 | SL=122197.20 TP=121533.61
[OK] (BTCUSD) Placed SELL 1.21 lots @ 121930.50 | SL=122128.88 TP=121515.75
[OK] (BTCUSD) Placed SELL 1.25 lots @ 122088.50 | SL=122311.39 TP=121722.21
[OK] (BTCUSD) Placed SELL 1.28 lots @ 122066.50 | SL=122261.27 TP=121684.46
[OK] (BTCUSD) Placed SELL 1.26 lots @ 122127.00 | SL=122318.95 TP=121734.11
[OK] (XAUUSD) Placed BUY 0.53 lots @ 4038.60 | SL=4033.94 TP=4047.91
[OK] (BTCUSD) Placed SELL 1.27 lots @ 121954.00 | SL=122142.07 TP=121562.86
[OK] (XAUUSD) Placed BUY 0.54 lots @ 4038.91 | SL=4034.23 TP=4047.80
[OK] (XAUUSD) Placed BUY 0.53 lots @ 4038.40 | SL=4034.55 TP=4048.40
[OK] (XAUUSD) Placed BUY 0.49 lots @ 4042.15 | SL=4037.05 TP=4051.88
[OK] (BTCUSD) Placed SELL 1.37 lots @ 122010.00 | SL=122175.88 TP=121639.25
[OK] (XAUUSD) Placed BUY 0.44 lots @ 4039.04 | SL=4033.34 TP=4050.02
[OK] (BTCUSD) Placed SELL 1.16 lots @ 121956.00 | SL=122174.79 TP=121545.43
[OK] (BTCUSD) Placed SELL 1.29 lots @ 122069.00 | SL=122270.70 TP=121710.61
[OK] (BTCUSD) Placed SELL 1.28 lots @ 121737.00 | SL=121946.46 TP=121376.57
[OK] (XAUUSD) Placed BUY 0.47 lots @ 4034.63 | SL=4029.42 TP=4044.98
[OK] (BTCUSD) Placed SELL 1.26 lots @ 121738.00 | SL=121953.84 TP=121373.82
[OK] (XAUUSD) Placed BUY 0.48 lots @ 4036.23 | SL=4031.11 TP=4046.45
[OK] (BTCUSD) Placed SELL 1.24 lots @ 121643.00 | SL=121859.25 TP=121267.50
[OK] (XAUUSD) Placed BUY 0.52 lots @ 4036.84 | SL=4032.06 TP=4046.37
[OK] (BTCUSD) Placed SELL 1.07 lots @ 121182.00 | SL=121448.20 TP=120748.61
[OK] (BTCUSD) Placed SELL 0.89 lots @ 121358.00 | SL=121644.25 TP=120805.00
[OK] (BTCUSD) Placed SELL 0.82 lots @ 121228.50 | SL=121541.86 TP=120639.29
[OK] (XAUUSD) Placed BUY 0.63 lots @ 4041.79 | SL=4037.84 TP=4049.67
[OK] (XAUUSD) Placed BUY 0.55 lots @ 4040.62 | SL=4035.98 TP=4049.36
[OK] (XAUUSD) Placed BUY 0.53 lots @ 4038.08 | SL=4033.11 TP=4047.12
[SESSION] (XAUUSD) Session ended — auto-closing open positions...
[AUTO-CLOSE] (XAUUSD) Round 1: closing 4 positions...
[OK] (XAUUSD) Auto-closed ticket=1259222766
[OK] (XAUUSD) Auto-closed ticket=1259231297
[OK] (XAUUSD) Auto-closed ticket=1259243737
[OK] (XAUUSD) Auto-closed ticket=1259373759
[OK] (XAUUSD) Placed BUY 0.48 lots @ 4042.94 | SL=4037.77 TP=4053.48
[OK] (BTCUSD) Placed BUY 1.06 lots @ 123084.00 | SL=122838.07 TP=123541.36
[OK] (XAUUSD) Placed BUY 0.52 lots @ 4041.42 | SL=4036.47 TP=4050.77
[OK] (XAUUSD) Placed BUY 0.52 lots @ 4041.54 | SL=4036.45 TP=4050.90
[OK] (BTCUSD) Placed BUY 1.02 lots @ 123469.00 | SL=123225.29 TP=123959.43
[OK] (XAUUSD) Placed BUY 0.51 lots @ 4045.52 | SL=4040.70 TP=4055.26
[OK] (BTCUSD) Placed BUY 0.92 lots @ 123582.50 | SL=123330.16 TP=124144.18
[OK] (XAUUSD) Placed BUY 0.50 lots @ 4043.14 | SL=4038.37 TP=4053.47
[OK] (XAUUSD) Placed BUY 0.43 lots @ 4054.45 | SL=4047.65 TP=4065.19
[OK] (BTCUSD) Placed BUY 0.76 lots @ 123425.00 | SL=123078.68 TP=124087.64
[OK] (XAUUSD) Placed BUY 0.35 lots @ 4057.67 | SL=4050.34 TP=4071.86
[OK] (BTCUSD) Placed BUY 0.76 lots @ 123560.00 | SL=123218.98 TP=124225.54
[OK] (XAUUSD) Placed BUY 0.36 lots @ 4056.42 | SL=4048.38 TP=4069.78
[OK] (BTCUSD) Placed BUY 0.78 lots @ 123503.00 | SL=123199.66 TP=124180.18
[OK] (BTCUSD) Placed SELL 0.44 lots @ 122233.67 | SL=122818.18 TP=121120.24
[OK] (BTCUSD) Placed SELL 0.40 lots @ 121850.74 | SL=122408.91 TP=120521.58
[OK] (XAUUSD) Placed SELL 0.17 lots @ 4007.10 | SL=4022.00 TP=3977.22
[OK] (BTCUSD) Placed SELL 0.40 lots @ 121681.92 | SL=122369.50 TP=120495.70
[OK] (BTCUSD) Placed SELL 0.35 lots @ 121064.99 | SL=121808.35 TP=119640.99
[OK] (BTCUSD) Placed SELL 0.38 lots @ 121549.41 | SL=122207.03 TP=120253.64
[OK] (BTCUSD) Placed SELL 0.39 lots @ 121368.96 | SL=122027.49 TP=120121.03
[OK] (XAUUSD) Placed SELL 0.27 lots @ 3998.79 | SL=4007.90 TP=3979.79
[OK] (XAUUSD) Placed SELL 0.24 lots @ 3988.70 | SL=3997.02 TP=3966.12
[SESSION] (XAUUSD) Session ended — auto-closing open positions...
[OK] (BTCUSD) Placed SELL 0.56 lots @ 119896.15 | SL=120402.07 TP=119025.46
[OK] (BTCUSD) Placed SELL 0.50 lots @ 120317.89 | SL=120845.82 TP=119298.05
[OK] (BTCUSD) Placed SELL 0.72 lots @ 120755.56 | SL=121096.91 TP=120036.97
[OK] (BTCUSD) Placed SELL 0.74 lots @ 120772.91 | SL=121114.64 TP=120080.41
[OK] (BTCUSD) Placed SELL 0.73 lots @ 120492.88 | SL=120844.16 TP=119796.08
[OK] (BTCUSD) Placed SELL 0.73 lots @ 120578.00 | SL=120918.84 TP=119872.33
[OK] (BTCUSD) Placed SELL 1.05 lots @ 120948.62 | SL=121169.09 TP=120447.61
[SESSION] (BTCUSD) Session ended — auto-closing open positions...
[ROLLOVER] Pausing (22:00–22:10 UTC).
[ROLLOVER] Pausing (22:00–22:10 UTC).
[ROLLOVER] Pausing (22:00–22:10 UTC).
[OK] (BTCUSD) Placed SELL 1.18 lots @ 121394.01 | SL=121622.56 TP=120981.89
[OK] (BTCUSD) Placed SELL 1.10 lots @ 121204.27 | SL=121450.09 TP=120760.43
[OK] (BTCUSD) Placed SELL 1.09 lots @ 121299.23 | SL=121537.00 TP=120838.60
[OK] (BTCUSD) Placed SELL 1.08 lots @ 121320.23 | SL=121571.50 TP=120868.60
[OK] (BTCUSD) Placed SELL 1.04 lots @ 121275.12 | SL=121530.44 TP=120809.41
[OK] (BTCUSD) Placed SELL 1.02 lots @ 121085.20 | SL=121345.71 TP=120607.68
[OK] (BTCUSD) Placed SELL 1.04 lots @ 121302.46 | SL=121539.09 TP=120817.03
[OK] (BTCUSD) Placed SELL 1.04 lots @ 121298.54 | SL=121542.62 TP=120823.75
[OK] (BTCUSD) Placed SELL 1.06 lots @ 121260.54 | SL=121506.67 TP=120798.46
[OK] (BTCUSD) Placed SELL 1.18 lots @ 121262.23 | SL=121496.05 TP=120866.50
[OK] (XAUUSD) Placed SELL 0.45 lots @ 3968.08 | SL=3973.12 TP=3956.69
[OK] (XAUUSD) Placed SELL 0.37 lots @ 3971.34 | SL=3977.62 TP=3957.74
[OK] (XAUUSD) Placed SELL 0.36 lots @ 3967.03 | SL=3973.53 TP=3953.35
[OK] (XAUUSD) Placed SELL 0.35 lots @ 3967.74 | SL=3975.45 TP=3954.58
[OK] (XAUUSD) Placed SELL 0.33 lots @ 3961.55 | SL=3968.18 TP=3945.79
[OK] (XAUUSD) Placed SELL 0.31 lots @ 3956.02 | SL=3962.91 TP=3938.48
[OK] (BTCUSD) Placed SELL 1.16 lots @ 121364.00 | SL=121589.18 TP=120946.64
[OK] (XAUUSD) Placed SELL 0.29 lots @ 3962.63 | SL=3971.44 TP=3945.56
[OK] (BTCUSD) Placed SELL 1.10 lots @ 121200.07 | SL=121434.81 TP=120754.38
[OK] (BTCUSD) Placed SELL 1.11 lots @ 121192.00 | SL=121425.03 TP=120752.95
[OK] (BTCUSD) Placed SELL 1.10 lots @ 121165.26 | SL=121414.84 TP=120734.92
[OK] (BTCUSD) Placed SELL 1.23 lots @ 121354.70 | SL=121575.39 TP=120976.31
[OK] (BTCUSD) Placed SELL 1.30 lots @ 121309.77 | SL=121508.82 TP=120941.76
[OK] (BTCUSD) Placed SELL 1.31 lots @ 121350.78 | SL=121552.54 TP=120989.33
[SESSION] (XAUUSD) Session ended — auto-closing open positions...
[OK] (XAUUSD) Placed SELL 0.29 lots @ 3986.53 | SL=3995.23 TP=3969.96
[OK] (XAUUSD) Placed SELL 0.29 lots @ 3987.56 | SL=3996.09 TP=3970.57
[OK] (XAUUSD) Placed SELL 0.29 lots @ 3981.62 | SL=3990.11 TP=3965.05
[OK] (XAUUSD) Placed SELL 0.31 lots @ 3984.92 | SL=3993.77 TP=3969.88
[OK] (BTCUSD) Placed BUY 0.84 lots @ 122525.18 | SL=122217.07 TP=123079.95
[OK] (BTCUSD) Placed BUY 0.77 lots @ 122327.77 | SL=121998.55 TP=122938.31
[OK] (XAUUSD) Placed SELL 0.25 lots @ 3982.03 | SL=3991.99 TP=3963.11
[OK] (XAUUSD) Placed SELL 0.24 lots @ 3981.63 | SL=3991.23 TP=3961.00
[OK] (XAUUSD) Placed SELL 0.24 lots @ 3980.13 | SL=3991.19 TP=3960.68
[OK] (BTCUSD) Placed SELL 0.44 lots @ 121225.87 | SL=121800.05 TP=120164.30
[OK] (XAUUSD) Placed SELL 0.23 lots @ 3983.63 | SL=3994.09 TP=3962.11
[OK] (BTCUSD) Placed SELL 0.43 lots @ 121370.03 | SL=121974.56 TP=120301.88
[OK] (BTCUSD) Placed SELL 0.46 lots @ 120478.52 | SL=121063.91 TP=119498.17
[OK] (BTCUSD) Placed SELL 0.44 lots @ 119974.32 | SL=120631.39 TP=118987.41
[OK] (XAUUSD) Placed BUY 0.20 lots @ 4009.92 | SL=3998.73 TP=4033.98
[OK] (XAUUSD) Placed BUY 0.20 lots @ 4009.58 | SL=3997.53 TP=4033.01
[OK] (BTCUSD) Placed SELL 0.39 lots @ 119922.68 | SL=120586.67 TP=118759.76
[OK] (BTCUSD) Placed SELL 0.38 lots @ 119363.23 | SL=120025.83 TP=118116.54
[OK] (XAUUSD) Placed BUY 0.20 lots @ 4017.24 | SL=4004.60 TP=4040.52
[OK] (BTCUSD) Placed SELL 0.28 lots @ 119173.17 | SL=120056.83 TP=117525.94
[OK] (BTCUSD) Placed SELL 0.28 lots @ 118971.31 | SL=119923.54 TP=117333.82
[OK] (BTCUSD) Placed SELL 0.30 lots @ 118932.22 | SL=119761.83 TP=117383.94
[OK] (XAUUSD) Placed SELL 0.16 lots @ 3985.05 | SL=4000.17 TP=3954.06
[BOOT] MT5 path exists? True
[BOOT] Assets: XAU(XAUUSD/XAU_USD), BTC(BTCUSD/BTC_USD)

[MT5] Connected: 52474888 | Balance: $97624.60

[MT5] XAUUSD lot: min=0.01, max=100.0, step=0.01, contract_size=100.0, digits=2
[MT5] BTCUSD lot: min=0.01, max=10.0, step=0.01, contract_size=1.0, digits=2
[RUN] Multi-asset EMA+VWAP scalper started.
[OK] (XAUUSD) Placed BUY 0.43 lots @ 4079.38 | SL=4074.06 TP=4091.15
[OK] (BTCUSD) Placed SELL 0.66 lots @ 114643.34 | SL=114883.09 TP=113766.22
[OK] (XAUUSD) Placed BUY 0.41 lots @ 4082.40 | SL=4076.46 TP=4094.21
[OK] (XAUUSD) Placed BUY 0.40 lots @ 4086.62 | SL=4079.97 TP=4098.47
[OK] (BTCUSD) Placed SELL 0.64 lots @ 114436.88 | SL=114798.05 TP=113660.61
[OK] (XAUUSD) Placed BUY 0.40 lots @ 4088.05 | SL=4081.66 TP=4100.01
[OK] (BTCUSD) Placed SELL 0.63 lots @ 114433.67 | SL=114847.69 TP=113683.41
[OK] (BTCUSD) Placed SELL 0.64 lots @ 114485.66 | SL=114888.24 TP=113742.12
[OK] (XAUUSD) Placed BUY 0.38 lots @ 4092.39 | SL=4085.00 TP=4104.46
[OK] (XAUUSD) Placed BUY 0.33 lots @ 4088.25 | SL=4080.92 TP=4103.21
[OK] (XAUUSD) Placed BUY 0.31 lots @ 4095.68 | SL=4087.74 TP=4110.98
[OK] (XAUUSD) Placed BUY 0.33 lots @ 4097.94 | SL=4090.73 TP=4113.27
[OK] (BTCUSD) Placed SELL 0.35 lots @ 114680.49 | SL=115331.72 TP=113230.16
[OK] (XAUUSD) Placed BUY 0.39 lots @ 4100.05 | SL=4093.44 TP=4112.44
[OK] (BTCUSD) Placed SELL 0.36 lots @ 114277.71 | SL=114944.74 TP=112909.13
[OK] (XAUUSD) Placed BUY 0.41 lots @ 4101.30 | SL=4095.94 TP=4114.12
[OK] (BTCUSD) Placed SELL 0.38 lots @ 114020.93 | SL=114709.70 TP=112757.60
[OK] (XAUUSD) Placed BUY 0.40 lots @ 4097.28 | SL=4090.86 TP=4109.39
[OK] (XAUUSD) Placed BUY 0.41 lots @ 4099.87 | SL=4093.97 TP=4112.11
[OK] (BTCUSD) Placed SELL 0.44 lots @ 114350.18 | SL=114891.91 TP=113215.79
[OK] (BTCUSD) Placed SELL 0.44 lots @ 114359.06 | SL=114897.69 TP=113232.43
[OK] (XAUUSD) Placed BUY 0.38 lots @ 4098.74 | SL=4092.20 TP=4111.42
[OK] (XAUUSD) Placed BUY 0.39 lots @ 4111.43 | SL=4104.19 TP=4123.37
[OK] (BTCUSD) Placed SELL 0.55 lots @ 114481.11 | SL=114932.15 TP=113570.00
[OK] (XAUUSD) Placed BUY 0.38 lots @ 4112.09 | SL=4105.58 TP=4125.29
[OK] (XAUUSD) Placed BUY 0.37 lots @ 4110.31 | SL=4103.44 TP=4123.49
[SESSION] (XAUUSD) Session ended — auto-closing open positions...
[AUTO-CLOSE] (XAUUSD) Round 1: closing 1 positions...
[OK] (XAUUSD) Auto-closed ticket=1264891484
[OK] (BTCUSD) Placed SELL 0.72 lots @ 114556.10 | SL=114899.28 TP=113872.74
[OK] (BTCUSD) Placed SELL 0.71 lots @ 114363.00 | SL=114704.66 TP=113673.68
[OK] (BTCUSD) Placed SELL 0.72 lots @ 114457.21 | SL=114801.90 TP=113776.80
[SESSION] (BTCUSD) Session ended — auto-closing open positions...
[ROLLOVER] Pausing (22:00–22:10 UTC).
[ROLLOVER] Pausing (22:00–22:10 UTC).
[ROLLOVER] Pausing (22:00–22:10 UTC).
[OK] (BTCUSD) Placed SELL 1.43 lots @ 115477.22 | SL=115655.64 TP=115147.33
[OK] (BTCUSD) Placed SELL 1.47 lots @ 115451.81 | SL=115612.93 TP=115116.04
[OK] (BTCUSD) Placed SELL 1.34 lots @ 115284.31 | SL=115472.71 TP=114928.47
[OK] (BTCUSD) Placed SELL 1.24 lots @ 115149.09 | SL=115383.53 TP=114789.75
[OK] (BTCUSD) Placed SELL 1.07 lots @ 115298.00 | SL=115543.18 TP=114861.65
[OK] (BTCUSD) Placed SELL 1.05 lots @ 115290.08 | SL=115540.10 TP=114847.10
[OK] (BTCUSD) Placed SELL 0.91 lots @ 115225.18 | SL=115537.16 TP=114733.27
[OK] (BTCUSD) Placed SELL 0.85 lots @ 115128.00 | SL=115428.02 TP=114563.96
[OK] (BTCUSD) Placed SELL 0.85 lots @ 114713.80 | SL=115022.02 TP=114151.36
[OK] (BTCUSD) Placed SELL 0.84 lots @ 114654.18 | SL=114957.55 TP=114072.69
[OK] (BTCUSD) Placed SELL 1.16 lots @ 114157.29 | SL=114384.36 TP=113737.68
[OK] (BTCUSD) Placed SELL 1.05 lots @ 113933.50 | SL=114179.17 TP=113464.66
[OK] (BTCUSD) Placed SELL 0.99 lots @ 113898.46 | SL=114170.95 TP=113410.29
[OK] (BTCUSD) Placed SELL 0.93 lots @ 113760.14 | SL=114020.77 TP=113207.26
[OK] (BTCUSD) Placed SELL 0.87 lots @ 113360.34 | SL=113654.90 TP=112780.39
[OK] (BTCUSD) Placed SELL 0.75 lots @ 113398.87 | SL=113743.21 TP=112724.99
[OK] (BTCUSD) Placed SELL 0.78 lots @ 113389.37 | SL=113720.00 TP=112744.40
[OK] (BTCUSD) Placed SELL 0.83 lots @ 113561.79 | SL=113876.19 TP=112961.21
[OK] (BTCUSD) Placed SELL 0.80 lots @ 113420.66 | SL=113730.69 TP=112787.23
[OK] (BTCUSD) Placed SELL 0.79 lots @ 113384.14 | SL=113712.82 TP=112756.96
[OK] (BTCUSD) Placed SELL 0.78 lots @ 113186.90 | SL=113532.08 TP=112550.54
[OK] (BTCUSD) Placed SELL 0.72 lots @ 112992.03 | SL=113283.29 TP=112217.43
[OK] (XAUUSD) Placed BUY 0.33 lots @ 4175.68 | SL=4167.90 TP=4191.00
[OK] (XAUUSD) Placed BUY 0.34 lots @ 4176.82 | SL=4169.26 TP=4191.87
[OK] (BTCUSD) Placed SELL 0.64 lots @ 113110.82 | SL=113490.95 TP=112314.49
[OK] (BTCUSD) Placed SELL 0.62 lots @ 112874.64 | SL=113255.68 TP=112031.45
[OK] (BTCUSD) Placed SELL 0.59 lots @ 112737.70 | SL=113173.32 TP=111899.46
[OK] (BTCUSD) Placed SELL 0.60 lots @ 112608.96 | SL=113059.63 TP=111806.74
[OK] (BTCUSD) Placed SELL 0.63 lots @ 112255.40 | SL=112607.72 TP=111412.75
[OK] (BTCUSD) Placed SELL 0.70 lots @ 111952.98 | SL=112268.97 TP=111171.06
[OK] (BTCUSD) Placed SELL 0.59 lots @ 112026.46 | SL=112472.53 TP=111161.14
[OK] (BTCUSD) Placed SELL 0.56 lots @ 111828.99 | SL=112278.79 TP=110917.41
[OK] (BTCUSD) Placed SELL 0.52 lots @ 112040.62 | SL=112552.56 TP=111070.68
[OK] (BTCUSD) Placed SELL 0.48 lots @ 111737.68 | SL=112266.65 TP=110675.29
[OK] (XAUUSD) Placed BUY 0.27 lots @ 4137.90 | SL=4128.84 TP=4156.69
[OK] (BTCUSD) Placed SELL 0.70 lots @ 111866.50 | SL=112232.11 TP=111136.78
[OK] (XAUUSD) Placed BUY 0.27 lots @ 4141.72 | SL=4132.37 TP=4160.60
[OK] (XAUUSD) Placed BUY 0.28 lots @ 4143.65 | SL=4134.87 TP=4162.12
[OK] (XAUUSD) Placed BUY 0.27 lots @ 4141.12 | SL=4131.20 TP=4159.91
[OK] (XAUUSD) Placed BUY 0.27 lots @ 4139.88 | SL=4129.08 TP=4157.53
[OK] (BTCUSD) Placed SELL 0.83 lots @ 111421.10 | SL=111704.33 TP=110782.64
[OK] (BTCUSD) Placed SELL 0.77 lots @ 111162.90 | SL=111528.62 TP=110534.96
[OK] (BTCUSD) Placed SELL 0.69 lots @ 110757.11 | SL=111085.08 TP=109960.14
[OK] (XAUUSD) Placed BUY 0.33 lots @ 4139.98 | SL=4131.73 TP=4155.56
[OK] (BTCUSD) Placed SELL 0.53 lots @ 110426.90 | SL=110892.52 TP=109417.65
[SESSION] (XAUUSD) Session ended — auto-closing open positions...
[OK] (BTCUSD) Placed SELL 0.65 lots @ 111419.88 | SL=111809.08 TP=110620.24
[OK] (BTCUSD) Placed SELL 0.69 lots @ 111268.37 | SL=111649.14 TP=110524.91
[OK] (BTCUSD) Placed SELL 0.67 lots @ 111231.00 | SL=111592.54 TP=110447.93
[OK] (BTCUSD) Placed SELL 0.74 lots @ 111314.29 | SL=111675.87 TP=110630.16
[OK] (BTCUSD) Placed SELL 0.67 lots @ 110598.20 | SL=110939.03 TP=109760.25
[OK] (BTCUSD) Placed SELL 0.61 lots @ 110592.83 | SL=111021.88 TP=109743.65
[OK] (BTCUSD) Placed SELL 0.55 lots @ 110449.44 | SL=110853.56 TP=109431.08
[OK] (XAUUSD) Placed BUY 0.19 lots @ 4134.85 | SL=4120.49 TP=4162.20
[OK] (XAUUSD) Placed BUY 0.20 lots @ 4132.15 | SL=4120.44 TP=4158.82
[OK] (XAUUSD) Placed BUY 0.21 lots @ 4135.21 | SL=4122.55 TP=4160.57
[OK] (XAUUSD) Placed BUY 0.21 lots @ 4130.87 | SL=4118.18 TP=4155.47
[SESSION] (XAUUSD) Session ended — auto-closing open positions...
[AUTO-CLOSE] (XAUUSD) Round 1: closing 4 positions...
[OK] (XAUUSD) Auto-closed ticket=1266593764
[OK] (XAUUSD) Auto-closed ticket=1266628959
[OK] (XAUUSD) Auto-closed ticket=1266639027
[OK] (XAUUSD) Auto-closed ticket=1266660719
[SESSION] (BTCUSD) Session ended — auto-closing open positions...
[ROLLOVER] Pausing (22:00–22:10 UTC).
[ROLLOVER] Pausing (22:00–22:10 UTC).
[ROLLOVER] Pausing (22:00–22:10 UTC).
[OK] (BTCUSD) Placed SELL 1.20 lots @ 112825.89 | SL=113034.75 TP=112382.70
[OK] (BTCUSD) Placed SELL 0.97 lots @ 112750.33 | SL=113040.68 TP=112232.84
[OK] (BTCUSD) Placed SELL 0.93 lots @ 112897.48 | SL=113196.41 TP=112359.67
[OK] (BTCUSD) Placed SELL 0.87 lots @ 112926.35 | SL=113235.94 TP=112337.32
[OK] (BTCUSD) Placed SELL 0.79 lots @ 112661.18 | SL=113036.84 TP=112047.93
[OK] (BTCUSD) Placed SELL 0.76 lots @ 112601.82 | SL=112917.12 TP=111887.16
[OK] (BTCUSD) Placed SELL 0.65 lots @ 112542.75 | SL=112946.79 TP=111749.82
[OK] (BTCUSD) Placed SELL 0.62 lots @ 112453.80 | SL=112859.07 TP=111617.75
[OK] (BTCUSD) Placed SELL 0.73 lots @ 112478.22 | SL=112861.67 TP=111816.26
[OK] (BTCUSD) Placed SELL 0.78 lots @ 111915.00 | SL=112255.12 TP=111272.26
[OK] (BTCUSD) Placed SELL 0.80 lots @ 111953.50 | SL=112285.80 TP=111317.40
[OK] (BTCUSD) Placed SELL 0.86 lots @ 112195.23 | SL=112469.17 TP=111576.76
[OK] (XAUUSD) Placed BUY 0.52 lots @ 4179.48 | SL=4174.87 TP=4189.68
[OK] (XAUUSD) Placed BUY 0.46 lots @ 4184.91 | SL=4179.46 TP=4195.95
[OK] (XAUUSD) Placed BUY 0.45 lots @ 4189.44 | SL=4184.22 TP=4201.19
[OK] (BTCUSD) Placed SELL 0.89 lots @ 112412.34 | SL=112686.94 TP=111821.33
[OK] (BTCUSD) Placed SELL 0.91 lots @ 112358.35 | SL=112659.19 TP=111812.03
[OK] (XAUUSD) Placed BUY 0.38 lots @ 4189.13 | SL=4181.88 TP=4202.08
[OK] (XAUUSD) Placed BUY 0.38 lots @ 4190.25 | SL=4183.07 TP=4203.03
[OK] (BTCUSD) Placed SELL 0.91 lots @ 112438.59 | SL=112737.46 TP=111891.88
[OK] (BTCUSD) Placed SELL 0.96 lots @ 112460.77 | SL=112722.55 TP=111922.29
[OK] (BTCUSD) Placed SELL 0.92 lots @ 112294.34 | SL=112573.12 TP=111741.16
[OK] (BTCUSD) Placed SELL 0.95 lots @ 112288.80 | SL=112578.07 TP=111770.26
[OK] (XAUUSD) Placed BUY 0.40 lots @ 4196.44 | SL=4189.59 TP=4208.91
[OK] (XAUUSD) Placed BUY 0.49 lots @ 4205.23 | SL=4200.13 TP=4215.94
[OK] (XAUUSD) Placed BUY 0.48 lots @ 4204.90 | SL=4199.64 TP=4215.61
[OK] (XAUUSD) Placed BUY 0.40 lots @ 4214.75 | SL=4208.26 TP=4227.90
[OK] (XAUUSD) Placed BUY 0.39 lots @ 4216.53 | SL=4210.02 TP=4230.05
[OK] (BTCUSD) Placed SELL 0.76 lots @ 112552.76 | SL=112903.27 TP=111874.06
[OK] (BTCUSD) Placed SELL 0.80 lots @ 112598.98 | SL=112937.12 TP=111955.45
[OK] (BTCUSD) Placed SELL 0.81 lots @ 112534.14 | SL=112892.48 TP=111931.64
[OK] (BTCUSD) Placed SELL 0.87 lots @ 112473.52 | SL=112778.85 TP=111885.31
[OK] (XAUUSD) Placed BUY 0.29 lots @ 4200.60 | SL=4191.94 TP=4219.27
[SESSION] (XAUUSD) Session ended — auto-closing open positions...
[OK] (BTCUSD) Placed SELL 0.78 lots @ 112021.22 | SL=112319.24 TP=111302.11
[OK] (BTCUSD) Placed SELL 0.78 lots @ 112130.88 | SL=112494.58 TP=111483.04
[OK] (BTCUSD) Placed SELL 0.80 lots @ 112083.14 | SL=112419.06 TP=111429.48
[OK] (BTCUSD) Placed SELL 0.87 lots @ 112107.88 | SL=112412.35 TP=111500.49
[OK] (XAUUSD) Placed BUY 0.39 lots @ 4201.66 | SL=4194.83 TP=4215.18
[OK] (BTCUSD) Placed SELL 0.92 lots @ 111599.21 | SL=111851.82 TP=110982.96
[OK] (BTCUSD) Placed SELL 0.92 lots @ 111618.53 | SL=111955.86 TP=111085.08
[OK] (BTCUSD) Placed SELL 0.86 lots @ 111780.32 | SL=112106.84 TP=111175.21
[OK] (BTCUSD) Placed SELL 0.75 lots @ 111661.95 | SL=111984.88 TP=110914.24
[OK] (BTCUSD) Placed SELL 0.71 lots @ 111429.80 | SL=111799.21 TP=110669.97
[OK] (BTCUSD) Placed SELL 0.63 lots @ 111140.25 | SL=111552.61 TP=110272.17
[OK] (BTCUSD) Placed SELL 0.57 lots @ 111405.39 | SL=111899.01 TP=110497.68
[OK] (XAUUSD) Placed BUY 0.23 lots @ 4201.27 | SL=4190.17 TP=4224.67
[OK] (XAUUSD) Placed BUY 0.23 lots @ 4206.32 | SL=4194.72 TP=4229.32
[OK] (BTCUSD) Placed SELL 0.44 lots @ 111725.22 | SL=112369.31 TP=110537.49
[OK] (BTCUSD) Placed SELL 0.43 lots @ 111735.16 | SL=112422.50 TP=110582.61
[OK] (BTCUSD) Placed SELL 0.44 lots @ 111388.58 | SL=111987.78 TP=110176.44
[OK] (XAUUSD) Placed BUY 0.27 lots @ 4202.07 | SL=4191.75 TP=4221.83
[OK] (BTCUSD) Placed SELL 0.45 lots @ 111201.60 | SL=111763.48 TP=109990.84
[OK] (XAUUSD) Placed BUY 0.27 lots @ 4200.13 | SL=4190.26 TP=4220.22
[OK] (XAUUSD) Placed BUY 0.26 lots @ 4200.72 | SL=4190.55 TP=4221.65
[OK] (XAUUSD) Placed BUY 0.28 lots @ 4201.44 | SL=4192.10 TP=4220.58
[OK] (BTCUSD) Placed SELL 0.44 lots @ 110698.13 | SL=111305.04 TP=109502.53
[OK] (BTCUSD) Placed SELL 0.48 lots @ 110919.93 | SL=111474.84 TP=109814.53
[SESSION] (XAUUSD) Session ended — auto-closing open positions...
[SESSION] (BTCUSD) Session ended — auto-closing open positions...
[AUTO-CLOSE] (BTCUSD) Round 1: closing 2 positions...
[OK] (BTCUSD) Auto-closed ticket=1268514234
[OK] (BTCUSD) Auto-closed ticket=1268522867
[ROLLOVER] Pausing (22:00–22:10 UTC).
[ROLLOVER] Pausing (22:00–22:10 UTC).
[ROLLOVER] Pausing (22:00–22:10 UTC).
[OK] (BTCUSD) Placed SELL 0.93 lots @ 110722.40 | SL=111009.65 TP=110162.91
[OK] (BTCUSD) Placed SELL 0.94 lots @ 110709.46 | SL=111003.32 TP=110159.35
[OK] (BTCUSD) Placed SELL 0.99 lots @ 110737.88 | SL=111015.23 TP=110219.24
[OK] (BTCUSD) Placed SELL 1.00 lots @ 110600.37 | SL=110866.75 TP=110074.91
[OK] (BTCUSD) Placed SELL 0.99 lots @ 110659.98 | SL=110926.84 TP=110133.52
[OK] (BTCUSD) Placed SELL 0.98 lots @ 111117.02 | SL=111374.36 TP=110578.28
[OK] (BTCUSD) Placed SELL 1.01 lots @ 111136.05 | SL=111407.74 TP=110637.53
[OK] (BTCUSD) Placed SELL 0.99 lots @ 111101.52 | SL=111372.19 TP=110581.12
[OK] (BTCUSD) Placed SELL 0.84 lots @ 111229.99 | SL=111551.85 TP=110625.30
[OK] (BTCUSD) Placed SELL 0.86 lots @ 110925.04 | SL=111203.10 TP=110304.61
[OK] (BTCUSD) Placed SELL 0.89 lots @ 111027.07 | SL=111296.46 TP=110428.09
[OK] (BTCUSD) Placed SELL 0.87 lots @ 111004.63 | SL=111309.29 TP=110424.01
[OK] (BTCUSD) Placed SELL 0.90 lots @ 110965.18 | SL=111268.55 TP=110409.50
[OK] (BTCUSD) Placed SELL 0.77 lots @ 110800.81 | SL=111128.31 TP=110129.57
[OK] (XAUUSD) Placed BUY 0.38 lots @ 4230.77 | SL=4223.72 TP=4243.92
[OK] (XAUUSD) Placed BUY 0.38 lots @ 4230.43 | SL=4223.74 TP=4243.62
[OK] (XAUUSD) Placed BUY 0.39 lots @ 4231.33 | SL=4224.30 TP=4243.73
[OK] (BTCUSD) Placed SELL 0.78 lots @ 110656.62 | SL=110924.93 TP=109945.95
[OK] (XAUUSD) Placed BUY 0.40 lots @ 4233.40 | SL=4227.00 TP=4246.16
[OK] (BTCUSD) Placed SELL 0.79 lots @ 110643.13 | SL=110973.81 TP=110011.97
[OK] (BTCUSD) Placed SELL 0.84 lots @ 110581.20 | SL=110890.40 TP=109985.29
[OK] (BTCUSD) Placed SELL 0.94 lots @ 110695.17 | SL=110969.24 TP=110174.12
[OK] (BTCUSD) Placed SELL 0.71 lots @ 109711.00 | SL=110083.62 TP=109022.75
[OK] (BTCUSD) Placed SELL 0.68 lots @ 109880.58 | SL=110215.64 TP=109096.23
[OK] (XAUUSD) Placed BUY 0.43 lots @ 4234.00 | SL=4228.19 TP=4245.90
[OK] (XAUUSD) Placed BUY 0.40 lots @ 4239.30 | SL=4233.25 TP=4252.16
[OK] (XAUUSD) Placed BUY 0.36 lots @ 4239.80 | SL=4232.62 TP=4253.64
[OK] (XAUUSD) Placed BUY 0.35 lots @ 4237.37 | SL=4230.32 TP=4251.98
[SESSION] (XAUUSD) Session ended — auto-closing open positions...
[AUTO-CLOSE] (XAUUSD) Round 1: closing 3 positions...
[OK] (XAUUSD) Auto-closed ticket=1269896943
[OK] (XAUUSD) Auto-closed ticket=1269927727
[OK] (XAUUSD) Auto-closed ticket=1269945071
[OK] (XAUUSD) Placed BUY 0.49 lots @ 4243.46 | SL=4237.94 TP=4253.45
[OK] (XAUUSD) Placed BUY 0.50 lots @ 4245.14 | SL=4240.05 TP=4255.24
[OK] (XAUUSD) Placed BUY 0.42 lots @ 4246.70 | SL=4240.47 TP=4258.72
[OK] (XAUUSD) Placed BUY 0.25 lots @ 4242.51 | SL=4233.05 TP=4263.52
[OK] (XAUUSD) Placed BUY 0.24 lots @ 4243.21 | SL=4232.28 TP=4263.29
[OK] (XAUUSD) Placed BUY 0.24 lots @ 4245.87 | SL=4235.20 TP=4267.15
[OK] (XAUUSD) Placed BUY 0.23 lots @ 4248.68 | SL=4237.91 TP=4270.45
[OK] (BTCUSD) Placed SELL 0.72 lots @ 111112.72 | SL=111505.54 TP=110450.03
[OK] (BTCUSD) Placed SELL 0.69 lots @ 110963.22 | SL=111325.36 TP=110232.89
[OK] (BTCUSD) Placed SELL 0.58 lots @ 110469.67 | SL=110867.80 TP=109565.21
[OK] (XAUUSD) Placed BUY 0.23 lots @ 4265.08 | SL=4254.30 TP=4288.00
[OK] (BTCUSD) Placed SELL 0.59 lots @ 110224.10 | SL=110692.77 TP=109397.76
[OK] (XAUUSD) Placed BUY 0.22 lots @ 4263.14 | SL=4251.71 TP=4286.12
[OK] (XAUUSD) Placed BUY 0.23 lots @ 4267.01 | SL=4255.22 TP=4288.60
[OK] (XAUUSD) Placed BUY 0.25 lots @ 4263.17 | SL=4252.36 TP=4283.57
[OK] (BTCUSD) Placed SELL 0.39 lots @ 110601.58 | SL=111236.02 TP=109270.96
[OK] (BTCUSD) Placed SELL 0.38 lots @ 110398.00 | SL=111045.24 TP=109034.51
[OK] (XAUUSD) Placed BUY 0.26 lots @ 4269.87 | SL=4259.85 TP=4290.07
[OK] (BTCUSD) Placed SELL 0.39 lots @ 110456.09 | SL=111129.56 TP=109160.17
[OK] (BTCUSD) Placed SELL 0.39 lots @ 110460.58 | SL=111163.09 TP=109204.11
[OK] (BTCUSD) Placed SELL 0.39 lots @ 109267.00 | SL=109956.96 TP=107932.09
[OK] (BTCUSD) Placed SELL 0.36 lots @ 108924.99 | SL=109562.02 TP=107403.46
[OK] (XAUUSD) Placed BUY 0.35 lots @ 4284.40 | SL=4276.39 TP=4299.24
[OK] (XAUUSD) Placed BUY 0.33 lots @ 4287.00 | SL=4278.80 TP=4303.39
[OK] (BTCUSD) Placed SELL 0.38 lots @ 108170.00 | SL=108792.48 TP=106653.85
[OK] (XAUUSD) Placed BUY 0.20 lots @ 4275.98 | SL=4263.74 TP=4302.96
[SESSION] (XAUUSD) Session ended — auto-closing open positions...
[AUTO-CLOSE] (XAUUSD) Round 1: closing 1 positions...
[OK] (XAUUSD) Auto-closed ticket=1270747897
[OK] (BTCUSD) Placed SELL 0.35 lots @ 108566.28 | SL=109318.22 TP=107039.96
[OK] (BTCUSD) Placed SELL 0.36 lots @ 108588.75 | SL=109290.40 TP=107077.59
[OK] (BTCUSD) Placed SELL 0.35 lots @ 108613.39 | SL=109383.54 TP=107095.93
[SESSION] (BTCUSD) Session ended — auto-closing open positions...
[AUTO-CLOSE] (BTCUSD) Round 1: closing 4 positions...
[OK] (BTCUSD) Auto-closed ticket=1270574723
[OK] (BTCUSD) Auto-closed ticket=1270792435
[OK] (BTCUSD) Auto-closed ticket=1270816073
[OK] (BTCUSD) Auto-closed ticket=1270840667
[ROLLOVER] Pausing (22:00–22:10 UTC).
[ROLLOVER] Pausing (22:00–22:10 UTC).
[ROLLOVER] Pausing (22:00–22:10 UTC).
[OK] (BTCUSD) Placed SELL 0.98 lots @ 108016.96 | SL=108283.45 TP=107464.90
[OK] (BTCUSD) Placed SELL 1.01 lots @ 108048.85 | SL=108313.22 TP=107518.75
[OK] (BTCUSD) Placed SELL 1.04 lots @ 108088.16 | SL=108344.86 TP=107573.08
[OK] (BTCUSD) Placed SELL 0.96 lots @ 108099.57 | SL=108378.57 TP=107540.45
[OK] (XAUUSD) Placed BUY 0.28 lots @ 4376.79 | SL=4367.28 TP=4395.31
[OK] (XAUUSD) Placed BUY 0.25 lots @ 4371.44 | SL=4358.90 TP=4390.20
[OK] (XAUUSD) Placed BUY 0.27 lots @ 4367.79 | SL=4358.03 TP=4387.85
[OK] (BTCUSD) Placed SELL 1.28 lots @ 108747.82 | SL=108975.48 TP=108356.64
[OK] (BTCUSD) Placed SELL 1.21 lots @ 108695.30 | SL=108889.52 TP=108237.56
[OK] (BTCUSD) Placed SELL 1.15 lots @ 108608.25 | SL=108814.11 TP=108127.09
[OK] (XAUUSD) Placed BUY 0.22 lots @ 4362.84 | SL=4350.77 TP=4386.98
[OK] (BTCUSD) Placed SELL 1.14 lots @ 108522.36 | SL=108770.59 TP=108077.62
[OK] (XAUUSD) Placed BUY 0.21 lots @ 4366.94 | SL=4354.86 TP=4392.03
[OK] (XAUUSD) Placed BUY 0.22 lots @ 4365.59 | SL=4354.06 TP=4390.40
[OK] (XAUUSD) Placed BUY 0.23 lots @ 4366.95 | SL=4355.44 TP=4389.98
[OK] (BTCUSD) Placed SELL 1.16 lots @ 108333.41 | SL=108578.90 TP=107894.00
[OK] (BTCUSD) Placed SELL 1.05 lots @ 108038.62 | SL=108286.47 TP=107522.46
[OK] (BTCUSD) Placed SELL 1.01 lots @ 107995.27 | SL=108248.73 TP=107450.94
[OK] (XAUUSD) Placed BUY 0.22 lots @ 4364.44 | SL=4351.85 TP=4388.23
[OK] (XAUUSD) Placed BUY 0.23 lots @ 4365.39 | SL=4353.42 TP=4388.92
[OK] (XAUUSD) Placed BUY 0.23 lots @ 4363.70 | SL=4352.81 TP=4387.90
[OK] (BTCUSD) Placed SELL 0.47 lots @ 105976.47 | SL=106556.73 TP=104840.34
[OK] (BTCUSD) Placed SELL 0.49 lots @ 104656.14 | SL=105249.46 TP=103605.29
[OK] (BTCUSD) Placed SELL 0.45 lots @ 105305.04 | SL=105913.54 TP=104117.33
[OK] (BTCUSD) Placed SELL 0.45 lots @ 105069.32 | SL=105641.61 TP=103845.79
[OK] (BTCUSD) Placed SELL 0.45 lots @ 104933.25 | SL=105567.04 TP=103757.33
[OK] (BTCUSD) Placed SELL 0.45 lots @ 104860.23 | SL=105477.17 TP=103664.06
[OK] (BTCUSD) Placed SELL 0.55 lots @ 105028.18 | SL=105524.97 TP=104056.26
[OK] (BTCUSD) Placed SELL 0.57 lots @ 104978.79 | SL=105456.07 TP=104050.66
[OK] (BTCUSD) Placed SELL 0.55 lots @ 104206.96 | SL=104678.24 TP=103201.53
[OK] (BTCUSD) Placed SELL 0.50 lots @ 103665.14 | SL=104235.68 TP=102587.84
[SESSION] (XAUUSD) Session ended — auto-closing open positions...
[OK] (BTCUSD) Placed SELL 0.65 lots @ 105311.31 | SL=105754.59 TP=104497.03
[OK] (BTCUSD) Placed SELL 0.64 lots @ 104946.38 | SL=105347.94 TP=104065.92
[OK] (BTCUSD) Placed SELL 0.54 lots @ 105295.00 | SL=105847.69 TP=104332.41
[OK] (BTCUSD) Placed SELL 0.51 lots @ 105428.31 | SL=105949.79 TP=104348.11
[OK] (XAUUSD) Placed SELL 0.11 lots @ 4238.70 | SL=4263.60 TP=4189.21
[OK] (XAUUSD) Placed SELL 0.10 lots @ 4240.44 | SL=4263.94 TP=4184.99
[OK] (BTCUSD) Placed SELL 0.41 lots @ 105218.49 | SL=105890.17 TP=103901.26
[OK] (BTCUSD) Placed SELL 0.39 lots @ 105509.69 | SL=106136.00 TP=104087.89
[OK] (BTCUSD) Placed SELL 0.39 lots @ 105364.21 | SL=106071.47 TP=104007.86
[OK] (BTCUSD) Placed SELL 0.39 lots @ 105185.27 | SL=105854.85 TP=103788.00
[OK] (XAUUSD) Placed SELL 0.09 lots @ 4248.76 | SL=4279.50 TP=4187.94
[OK] (XAUUSD) Placed SELL 0.09 lots @ 4252.31 | SL=4282.15 TP=4192.77
[OK] (XAUUSD) Placed SELL 0.10 lots @ 4242.61 | SL=4269.99 TP=4187.99
[OK] (XAUUSD) Placed SELL 0.10 lots @ 4238.96 | SL=4265.63 TP=4186.71
[SESSION] (XAUUSD) Session ended — auto-closing open positions...
[AUTO-CLOSE] (XAUUSD) Round 1: closing 4 positions...
[OK] (XAUUSD) Auto-closed ticket=1273099975
[OK] (XAUUSD) Auto-closed ticket=1273125515
[OK] (XAUUSD) Auto-closed ticket=1273138557
[OK] (XAUUSD) Auto-closed ticket=1273151428
[SESSION] (BTCUSD) Session ended — auto-closing open positions...
[ROLLOVER] Pausing (22:00–22:10 UTC).
[ROLLOVER] Pausing (22:00–22:10 UTC).
[ROLLOVER] Pausing (22:00–22:10 UTC).
[SESSION] (XAUUSD) Session ended — auto-closing open positions...
[SESSION] (XAUUSD) Session ended — auto-closing open positions...
[SESSION] (BTCUSD) Session ended — auto-closing open positions...
[ROLLOVER] Pausing (22:00–22:10 UTC).
[ROLLOVER] Pausing (22:00–22:10 UTC).
[ROLLOVER] Pausing (22:00–22:10 UTC).
[SESSION] (XAUUSD) Session ended — auto-closing open positions...
[SESSION] (XAUUSD) Session ended — auto-closing open positions...
[SESSION] (BTCUSD) Session ended — auto-closing open positions...
[ROLLOVER] Pausing (22:00–22:10 UTC).
[ROLLOVER] Pausing (22:00–22:10 UTC).
[ROLLOVER] Pausing (22:00–22:10 UTC).
[OK] (BTCUSD) Placed SELL 0.74 lots @ 107919.60 | SL=108323.50 TP=107234.50
[OK] (BTCUSD) Placed SELL 0.75 lots @ 108040.11 | SL=108358.91 TP=107287.27
[OK] (BTCUSD) Placed SELL 0.79 lots @ 108001.19 | SL=108344.41 TP=107325.87
[OK] (BTCUSD) Placed SELL 0.80 lots @ 108029.42 | SL=108374.24 TP=107373.31
[OK] (BTCUSD) Placed SELL 0.82 lots @ 108026.61 | SL=108359.79 TP=107384.83
[OK] (BTCUSD) Placed BUY 0.89 lots @ 109401.59 | SL=109053.50 TP=109944.79
[OK] (BTCUSD) Placed BUY 0.66 lots @ 110401.78 | SL=109952.35 TP=111160.31
[OK] (BTCUSD) Placed BUY 0.65 lots @ 110233.77 | SL=109771.90 TP=111009.40
[OK] (BTCUSD) Placed BUY 0.56 lots @ 110162.43 | SL=109673.99 TP=111092.42
[OK] (BTCUSD) Placed BUY 0.64 lots @ 110475.54 | SL=110051.18 TP=111303.44
[OK] (XAUUSD) Placed SELL 0.38 lots @ 4251.16 | SL=4257.94 TP=4236.66
[OK] (XAUUSD) Placed SELL 0.37 lots @ 4255.18 | SL=4262.33 TP=4240.54
[OK] (XAUUSD) Placed SELL 0.32 lots @ 4245.63 | SL=4254.57 TP=4228.98
[OK] (BTCUSD) Placed BUY 0.94 lots @ 111102.69 | SL=110856.65 TP=111716.31
[OK] (XAUUSD) Placed SELL 0.30 lots @ 4239.72 | SL=4249.10 TP=4222.10
[OK] (XAUUSD) Placed SELL 0.24 lots @ 4236.53 | SL=4249.45 TP=4214.77
[OK] (XAUUSD) Placed SELL 0.24 lots @ 4236.75 | SL=4248.35 TP=4213.38
[OK] (BTCUSD) Placed BUY 0.91 lots @ 111303.27 | SL=111055.33 TP=111965.14
[OK] (BTCUSD) Placed BUY 0.90 lots @ 111207.64 | SL=110886.65 TP=111807.19
[OK] (XAUUSD) Placed SELL 0.22 lots @ 4233.83 | SL=4246.57 TP=4209.02
[OK] (BTCUSD) Placed BUY 0.92 lots @ 111373.47 | SL=111053.63 TP=111953.24
[OK] (XAUUSD) Placed SELL 0.23 lots @ 4233.72 | SL=4246.04 TP=4209.82
[OK] (BTCUSD) Placed BUY 1.26 lots @ 111283.52 | SL=111071.04 TP=111720.13
[OK] (XAUUSD) Placed BUY 0.41 lots @ 4263.79 | SL=4257.27 TP=4277.01
[OK] (BTCUSD) Placed BUY 1.17 lots @ 111540.76 | SL=111297.40 TP=111995.80
[OK] (BTCUSD) Placed BUY 1.21 lots @ 111014.23 | SL=110789.35 TP=111459.69
[OK] (BTCUSD) Placed BUY 1.19 lots @ 111040.74 | SL=110768.18 TP=111448.64
[OK] (BTCUSD) Placed BUY 1.14 lots @ 111049.02 | SL=110783.77 TP=111494.26
[OK] (BTCUSD) Placed BUY 1.34 lots @ 111064.37 | SL=110857.12 TP=111459.16
[SESSION] (XAUUSD) Session ended — auto-closing open positions...
[OK] (XAUUSD) Placed BUY 0.38 lots @ 4279.30 | SL=4272.09 TP=4293.05
[OK] (BTCUSD) Placed BUY 1.31 lots @ 111044.62 | SL=110866.12 TP=111477.76
[OK] (XAUUSD) Placed BUY 0.37 lots @ 4276.49 | SL=4268.97 TP=4290.79
[OK] (BTCUSD) Placed BUY 1.37 lots @ 110944.11 | SL=110755.45 TP=111337.91
[OK] (BTCUSD) Placed BUY 1.38 lots @ 111030.76 | SL=110806.27 TP=111389.86
[OK] (XAUUSD) Placed BUY 0.29 lots @ 4296.59 | SL=4287.55 TP=4315.65
[OK] (BTCUSD) Placed BUY 1.35 lots @ 111076.24 | SL=110875.07 TP=111471.26
[OK] (XAUUSD) Placed BUY 0.23 lots @ 4320.10 | SL=4306.86 TP=4341.52
[OK] (XAUUSD) Placed BUY 0.19 lots @ 4319.96 | SL=4304.93 TP=4348.15
[OK] (XAUUSD) Placed BUY 0.21 lots @ 4318.28 | SL=4307.14 TP=4346.25
[OK] (XAUUSD) Placed BUY 0.20 lots @ 4315.22 | SL=4301.27 TP=4341.89
[OK] (BTCUSD) Placed BUY 1.04 lots @ 111245.20 | SL=110940.37 TP=111701.86
[OK] (BTCUSD) Placed BUY 1.02 lots @ 111132.86 | SL=110836.93 TP=111613.24
[OK] (XAUUSD) Placed BUY 0.18 lots @ 4311.02 | SL=4295.49 TP=4339.03
[OK] (XAUUSD) Placed BUY 0.19 lots @ 4316.59 | SL=4302.03 TP=4344.66
[OK] (XAUUSD) Placed BUY 0.19 lots @ 4324.24 | SL=4310.47 TP=4352.44
[OK] (BTCUSD) Placed BUY 0.81 lots @ 111301.49 | SL=110971.60 TP=111949.90
[OK] (BTCUSD) Placed BUY 0.76 lots @ 111091.01 | SL=110714.52 TP=111749.16
[OK] (XAUUSD) Placed BUY 0.16 lots @ 4325.94 | SL=4310.72 TP=4359.23
[OK] (BTCUSD) Placed BUY 0.79 lots @ 111128.57 | SL=110787.55 TP=111792.11
[OK] (BTCUSD) Placed BUY 0.78 lots @ 111276.63 | SL=110930.43 TP=111942.54
[OK] (XAUUSD) Placed BUY 0.24 lots @ 4348.12 | SL=4337.14 TP=4370.58
[OK] (XAUUSD) Placed BUY 0.29 lots @ 4349.84 | SL=4340.55 TP=4368.59
[OK] (BTCUSD) Placed BUY 0.81 lots @ 111481.16 | SL=111177.93 TP=112173.84
[OK] (XAUUSD) Placed BUY 0.30 lots @ 4348.85 | SL=4340.17 TP=4367.03
[OK] (BTCUSD) Placed BUY 0.63 lots @ 111186.44 | SL=110830.25 TP=112093.69
[SESSION] (XAUUSD) Session ended — auto-closing open positions...
[AUTO-CLOSE] (XAUUSD) Round 1: closing 4 positions...
[OK] (XAUUSD) Auto-closed ticket=1275839458
[OK] (XAUUSD) Auto-closed ticket=1275957801
[OK] (XAUUSD) Auto-closed ticket=1275982088
[OK] (XAUUSD) Auto-closed ticket=1276000666
[OK] (BTCUSD) Placed BUY 0.89 lots @ 110846.40 | SL=110541.68 TP=111439.04
[OK] (BTCUSD) Placed BUY 0.95 lots @ 110947.50 | SL=110668.04 TP=111509.12
[OK] (BTCUSD) Placed BUY 0.96 lots @ 110924.66 | SL=110603.03 TP=111433.34
[OK] (BTCUSD) Placed BUY 0.94 lots @ 110847.81 | SL=110556.01 TP=111409.79
[SESSION] (BTCUSD) Session ended — auto-closing open positions...
[AUTO-CLOSE] (BTCUSD) Round 1: closing 4 positions...
[OK] (BTCUSD) Auto-closed ticket=1276288765
[OK] (BTCUSD) Auto-closed ticket=1276298099
[OK] (BTCUSD) Auto-closed ticket=1276304493
[OK] (BTCUSD) Auto-closed ticket=1276319155
[ROLLOVER] Pausing (22:00–22:10 UTC).
[ROLLOVER] Pausing (22:00–22:10 UTC).
[ROLLOVER] Pausing (22:00–22:10 UTC).
[OK] (BTCUSD) Placed SELL 0.92 lots @ 108621.44 | SL=108988.20 TP=108127.19
[OK] (BTCUSD) Placed SELL 0.84 lots @ 108322.67 | SL=108642.69 TP=107690.81
[OK] (BTCUSD) Placed SELL 0.62 lots @ 107869.55 | SL=108269.34 TP=106967.52
[OK] (BTCUSD) Placed SELL 0.66 lots @ 107689.62 | SL=108101.74 TP=106877.93
[OK] (BTCUSD) Placed SELL 0.64 lots @ 107541.77 | SL=108103.12 TP=106843.96
[OK] (BTCUSD) Placed SELL 0.66 lots @ 107732.32 | SL=108149.18 TP=106923.15
[OK] (BTCUSD) Placed SELL 1.01 lots @ 107936.11 | SL=108205.47 TP=107417.46
[OK] (BTCUSD) Placed SELL 1.02 lots @ 107873.13 | SL=108142.35 TP=107363.11
[OK] (BTCUSD) Placed SELL 1.03 lots @ 107847.39 | SL=108110.56 TP=107338.78
[OK] (XAUUSD) Placed SELL 0.18 lots @ 4273.80 | SL=4287.82 TP=4242.79
[OK] (BTCUSD) Placed SELL 1.20 lots @ 107992.55 | SL=108213.51 TP=107555.58
[OK] (XAUUSD) Placed SELL 0.16 lots @ 4280.37 | SL=4297.04 TP=4248.73
[OK] (BTCUSD) Placed SELL 1.20 lots @ 107889.88 | SL=108109.41 TP=107448.78
[OK] (BTCUSD) Placed SELL 1.17 lots @ 107819.39 | SL=108067.00 TP=107389.30
[OK] (XAUUSD) Placed SELL 0.14 lots @ 4270.27 | SL=4289.57 TP=4231.23
[OK] (BTCUSD) Placed SELL 1.12 lots @ 107714.50 | SL=107980.94 TP=107268.91
[OK] (XAUUSD) Placed SELL 0.13 lots @ 4269.91 | SL=4289.66 TP=4230.24
[OK] (XAUUSD) Placed SELL 0.13 lots @ 4266.45 | SL=4286.18 TP=4226.87
[ERROR] OANDA fetch: OANDA HTTP 401 BTC_USD/M5: {"errorMessage":"Insufficient authorization to perform request."}
[ERROR] OANDA fetch: OANDA HTTP 401 BTC_USD/M5: {"errorMessage":"Insufficient authorization to perform request."}
[ERROR] OANDA fetch: OANDA HTTP 401 BTC_USD/M5: {"errorMessage":"Insufficient authorization to perform request."}
[ERROR] OANDA fetch: OANDA HTTP 401 BTC_USD/M5: {"errorMessage":"Insufficient authorization to perform request."}
[ERROR] OANDA fetch: OANDA HTTP 401 BTC_USD/M5: {"errorMessage":"Insufficient authorization to perform request."}
[ERROR] OANDA fetch: OANDA HTTP 401 BTC_USD/M5: {"errorMessage":"Insufficient authorization to perform request."}
[ERROR] OANDA fetch: OANDA HTTP 401 BTC_USD/M5: {"errorMessage":"Insufficient authorization to perform request."}
[OK] (BTCUSD) Placed BUY 0.93 lots @ 108745.95 | SL=108472.81 TP=109318.78
[SESSION] (XAUUSD) Session ended — auto-closing open positions...
[AUTO-CLOSE] (XAUUSD) Round 1: closing 4 positions...
[OK] (XAUUSD) Auto-closed ticket=1277159765
[OK] (XAUUSD) Auto-closed ticket=1277264789
[OK] (XAUUSD) Auto-closed ticket=1277282369
[OK] (XAUUSD) Auto-closed ticket=1277290978
[OK] (XAUUSD) Placed SELL 0.24 lots @ 4254.37 | SL=4264.55 TP=4231.21
[OK] (XAUUSD) Placed SELL 0.23 lots @ 4249.86 | SL=4260.82 TP=4226.10
[OK] (XAUUSD) Placed SELL 0.18 lots @ 4225.15 | SL=4240.25 TP=4196.72
[OK] (XAUUSD) Placed SELL 0.18 lots @ 4229.85 | SL=4246.20 TP=4201.33
[OK] (BTCUSD) Placed BUY 1.09 lots @ 108815.60 | SL=108550.66 TP=109286.67
[OK] (BTCUSD) Placed BUY 0.92 lots @ 109371.49 | SL=109102.61 TP=109984.58
[OK] (BTCUSD) Placed BUY 0.88 lots @ 109158.87 | SL=108853.91 TP=109765.29
[OK] (BTCUSD) Placed BUY 0.77 lots @ 109382.06 | SL=109030.91 TP=110083.59
[OK] (XAUUSD) Placed SELL 0.16 lots @ 4198.68 | SL=4217.88 TP=4166.53
[OK] (BTCUSD) Placed BUY 0.49 lots @ 108769.50 | SL=108216.89 TP=109864.82
[OK] (XAUUSD) Placed SELL 0.15 lots @ 4199.52 | SL=4217.33 TP=4164.79
[OK] (BTCUSD) Placed BUY 0.50 lots @ 108844.37 | SL=108300.01 TP=109921.17
[OK] (XAUUSD) Placed SELL 0.13 lots @ 4206.26 | SL=4225.66 TP=4165.32
[OK] (XAUUSD) Placed SELL 0.11 lots @ 4181.46 | SL=4208.48 TP=4137.42
[OK] (XAUUSD) Placed SELL 0.11 lots @ 4176.07 | SL=4201.30 TP=4127.69
[OK] (BTCUSD) Placed BUY 0.47 lots @ 108856.55 | SL=108256.55 TP=109967.90
[OK] (BTCUSD) Placed BUY 0.44 lots @ 109317.47 | SL=108617.32 TP=110433.16
[OK] (XAUUSD) Placed SELL 0.11 lots @ 4181.57 | SL=4206.52 TP=4133.34
[OK] (BTCUSD) Placed BUY 0.41 lots @ 109690.03 | SL=109134.95 TP=111104.89
[OK] (XAUUSD) Placed SELL 0.10 lots @ 4152.90 | SL=4178.88 TP=4101.38
[OK] (XAUUSD) Placed SELL 0.10 lots @ 4137.12 | SL=4164.78 TP=4081.87
[OK] (BTCUSD) Placed BUY 0.40 lots @ 110094.69 | SL=109355.11 TP=111407.98
[OK] (BTCUSD) Placed BUY 0.38 lots @ 110885.77 | SL=110161.45 TP=112326.11
[OK] (BTCUSD) Placed BUY 0.38 lots @ 111363.41 | SL=110518.10 TP=112730.01
[OK] (XAUUSD) Placed SELL 0.10 lots @ 4130.93 | SL=4158.42 TP=4071.08
[OK] (XAUUSD) Placed SELL 0.09 lots @ 4133.54 | SL=4162.67 TP=4073.56
[OK] (XAUUSD) Placed SELL 0.10 lots @ 4124.71 | SL=4153.78 TP=4066.91
[OK] (BTCUSD) Placed BUY 0.46 lots @ 113629.06 | SL=112996.27 TP=114838.66
[OK] (BTCUSD) Placed BUY 0.52 lots @ 113818.43 | SL=113276.54 TP=114915.92
[SESSION] (XAUUSD) Session ended — auto-closing open positions...
[AUTO-CLOSE] (XAUUSD) Round 1: closing 4 positions...
[OK] (XAUUSD) Auto-closed ticket=1278052610
[OK] (XAUUSD) Auto-closed ticket=1278201558
[OK] (XAUUSD) Auto-closed ticket=1278255212
[OK] (XAUUSD) Auto-closed ticket=1278265240
[OK] (BTCUSD) Placed BUY 0.66 lots @ 112076.46 | SL=111628.36 TP=112908.87
[OK] (BTCUSD) Placed BUY 0.69 lots @ 112147.73 | SL=111714.76 TP=112934.68
[OK] (BTCUSD) Placed BUY 0.71 lots @ 112166.33 | SL=111747.17 TP=112940.06
[OK] (BTCUSD) Placed BUY 0.78 lots @ 112182.83 | SL=111825.19 TP=112905.51
[SESSION] (BTCUSD) Session ended — auto-closing open positions...
[ROLLOVER] Pausing (22:00–22:10 UTC).
[ROLLOVER] Pausing (22:00–22:10 UTC).
[ROLLOVER] Pausing (22:00–22:10 UTC).
[OK] (BTCUSD) Placed SELL 0.46 lots @ 108682.69 | SL=109255.65 TP=107450.70
[OK] (BTCUSD) Placed SELL 0.47 lots @ 108349.54 | SL=108971.51 TP=107177.78
[OK] (BTCUSD) Placed SELL 0.62 lots @ 108334.15 | SL=108802.00 TP=107441.81
[OK] (BTCUSD) Placed SELL 0.61 lots @ 108262.75 | SL=108726.82 TP=107353.96
[OK] (BTCUSD) Placed SELL 1.11 lots @ 108504.19 | SL=108736.69 TP=107984.03
[OK] (BTCUSD) Placed SELL 1.25 lots @ 107981.93 | SL=108196.38 TP=107524.44
[OK] (BTCUSD) Placed SELL 1.28 lots @ 108157.13 | SL=108386.70 TP=107731.21
[OK] (BTCUSD) Placed SELL 1.24 lots @ 108405.39 | SL=108636.03 TP=107965.14
[OK] (BTCUSD) Placed SELL 1.15 lots @ 108144.66 | SL=108420.05 TP=107690.89
[OK] (BTCUSD) Placed SELL 1.24 lots @ 107657.35 | SL=107892.15 TP=107213.10
[OK] (BTCUSD) Placed SELL 1.12 lots @ 107939.23 | SL=108192.50 TP=107443.99
[OK] (XAUUSD) Placed SELL 0.19 lots @ 4113.02 | SL=4132.28 TP=4088.74
[OK] (XAUUSD) Placed SELL 0.17 lots @ 4103.72 | SL=4119.17 TP=4071.10
[OK] (BTCUSD) Placed SELL 1.11 lots @ 108139.63 | SL=108409.96 TP=107649.27
[OK] (XAUUSD) Placed SELL 0.13 lots @ 4103.38 | SL=4125.10 TP=4058.61
[OK] (XAUUSD) Placed SELL 0.13 lots @ 4107.64 | SL=4130.23 TP=4063.93
[OK] (BTCUSD) Placed SELL 1.31 lots @ 108193.88 | SL=108425.63 TP=107779.34
[OK] (XAUUSD) Placed SELL 0.13 lots @ 4103.42 | SL=4124.91 TP=4058.29
[OK] (XAUUSD) Placed SELL 0.12 lots @ 4087.35 | SL=4111.66 TP=4040.94
[OK] (BTCUSD) Placed SELL 1.39 lots @ 108058.63 | SL=108256.28 TP=107652.44
[OK] (BTCUSD) Placed SELL 1.18 lots @ 108081.05 | SL=108334.76 TP=107623.28
[OK] (XAUUSD) Placed SELL 0.13 lots @ 4062.43 | SL=4085.51 TP=4018.38
[OK] (XAUUSD) Placed SELL 0.18 lots @ 4065.84 | SL=4082.61 TP=4034.55
[OK] (XAUUSD) Placed SELL 0.16 lots @ 4053.61 | SL=4071.59 TP=4019.53
[SESSION] (XAUUSD) Session ended — auto-closing open positions...
[AUTO-CLOSE] (XAUUSD) Round 1: closing 1 positions...
[OK] (XAUUSD) Auto-closed ticket=1279960365
[OK] (BTCUSD) Placed SELL 0.98 lots @ 107127.18 | SL=107512.94 TP=106612.52
[OK] (BTCUSD) Placed SELL 0.89 lots @ 107362.82 | SL=107731.65 TP=106747.79
[OK] (BTCUSD) Placed SELL 0.64 lots @ 107759.55 | SL=108229.74 TP=106852.93
[OK] (BTCUSD) Placed SELL 0.62 lots @ 107564.75 | SL=108017.56 TP=106613.69
[OK] (BTCUSD) Placed SELL 0.62 lots @ 107588.70 | SL=108045.45 TP=106624.51
[OK] (XAUUSD) Placed SELL 0.13 lots @ 4029.01 | SL=4050.42 TP=3983.85
[OK] (XAUUSD) Placed SELL 0.14 lots @ 4028.45 | SL=4050.14 TP=3985.96
[OK] (XAUUSD) Placed SELL 0.15 lots @ 4030.30 | SL=4050.52 TP=3992.95
[OK] (XAUUSD) Placed SELL 0.17 lots @ 4041.37 | SL=4057.55 TP=4007.10
[OK] (XAUUSD) Placed SELL 0.17 lots @ 4031.84 | SL=4048.35 TP=3996.20
[OK] (XAUUSD) Placed SELL 0.16 lots @ 4037.56 | SL=4051.47 TP=3998.67
[OK] (XAUUSD) Placed SELL 0.15 lots @ 4048.62 | SL=4072.30 TP=4013.82
[OK] (XAUUSD) Placed SELL 0.13 lots @ 4041.60 | SL=4062.46 TP=3998.48
[OK] (XAUUSD) Placed SELL 0.13 lots @ 4036.49 | SL=4057.49 TP=3994.04
[OK] (BTCUSD) Placed SELL 0.37 lots @ 107889.86 | SL=108642.60 TP=106337.41
[OK] (BTCUSD) Placed SELL 0.38 lots @ 107822.92 | SL=108575.41 TP=106312.49
[OK] (BTCUSD) Placed SELL 0.40 lots @ 108010.82 | SL=108685.21 TP=106567.19
[OK] (XAUUSD) Placed SELL 0.14 lots @ 4029.75 | SL=4050.08 TP=3988.62
[OK] (XAUUSD) Placed SELL 0.15 lots @ 4031.70 | SL=4050.89 TP=3992.83
[SESSION] (XAUUSD) Session ended — auto-closing open positions...
[OK] (BTCUSD) Placed SELL 0.54 lots @ 107956.19 | SL=108491.64 TP=106946.53
[OK] (BTCUSD) Placed SELL 0.55 lots @ 107849.65 | SL=108350.61 TP=106836.78
[OK] (BTCUSD) Placed SELL 0.64 lots @ 107812.46 | SL=108295.82 TP=106978.76
[OK] (BTCUSD) Placed SELL 0.66 lots @ 107647.78 | SL=108068.85 TP=106807.50
[OK] (BTCUSD) Placed SELL 0.70 lots @ 107949.26 | SL=108345.03 TP=107150.95
[OK] (BTCUSD) Placed SELL 0.98 lots @ 108079.40 | SL=108314.30 TP=107468.59
[SESSION] (BTCUSD) Session ended — auto-closing open positions...
[AUTO-CLOSE] (BTCUSD) Round 1: closing 2 positions...
[OK] (BTCUSD) Auto-closed ticket=1280971665
[OK] (BTCUSD) Auto-closed ticket=1281231146
[ROLLOVER] Pausing (22:00–22:10 UTC).
[ROLLOVER] Pausing (22:00–22:10 UTC).
[ROLLOVER] Pausing (22:00–22:10 UTC).
[OK] (BTCUSD) Placed BUY 1.10 lots @ 109927.57 | SL=109653.84 TP=110412.12
[OK] (BTCUSD) Placed BUY 0.95 lots @ 110049.31 | SL=109725.61 TP=110604.27
[OK] (BTCUSD) Placed BUY 0.63 lots @ 110027.22 | SL=109586.93 TP=110901.44
[OK] (BTCUSD) Placed BUY 0.82 lots @ 109603.01 | SL=109221.94 TP=110224.73
[OK] (BTCUSD) Placed BUY 0.83 lots @ 109701.38 | SL=109345.77 TP=110337.06
[OK] (BTCUSD) Placed BUY 0.90 lots @ 109761.72 | SL=109442.90 TP=110358.49
[OK] (BTCUSD) Placed BUY 0.98 lots @ 109791.63 | SL=109513.81 TP=110358.59
[OK] (BTCUSD) Placed BUY 0.97 lots @ 109745.12 | SL=109449.05 TP=110296.69
[OK] (BTCUSD) Placed BUY 1.05 lots @ 109456.88 | SL=109197.00 TP=109968.01
[OK] (BTCUSD) Placed BUY 1.11 lots @ 109458.88 | SL=109212.89 TP=109945.81
[OK] (BTCUSD) Placed BUY 1.27 lots @ 109432.29 | SL=109220.59 TP=109859.62
[OK] (BTCUSD) Placed BUY 1.27 lots @ 109463.63 | SL=109247.61 TP=109888.99
[SESSION] (XAUUSD) Session ended — auto-closing open positions...
